Java HotSpot(TM) 64-Bit Server VM (25.65-b01) for bsd-amd64 JRE (1.8.0_65-b17), built on Oct  6 2015 15:36:46 by "java_re" with gcc 4.2.1 (Based on Apple Inc. build 5658) (LLVM build 2336.11.00)
Memory: 4k page, physical 8388608k(354620k free)

/proc/meminfo:

CommandLine flags: -XX:+DisableExplicitGC -XX:InitialHeapSize=1073741824 -XX:InitiatingHeapOccupancyPercent=35 -XX:+ManagementServer -XX:MaxGCPauseMillis=20 -XX:MaxHeapSize=1073741824 -XX:+PrintGC -XX:+PrintGCDateStamps -XX:+PrintGCDetails -XX:+PrintGCTimeStamps -XX:+UseCompressedClassPointers -XX:+UseCompressedOops -XX:+UseG1GC 
2017-06-04T19:33:29.004-0900: 2.029: [GC pause (G1 Evacuation Pause) (young), 0.0089651 secs]
   [Parallel Time: 4.6 ms, GC Workers: 4]
      [GC Worker Start (ms): Min: 2029.0, Avg: 2029.0, Max: 2029.1, Diff: 0.0]
      [Ext Root Scanning (ms): Min: 0.5, Avg: 0.8, Max: 1.5, Diff: 1.0, Sum: 3.4]
      [Update RS (ms): Min: 0.0, Avg: 0.0, Max: 0.0, Diff: 0.0, Sum: 0.0]
         [Processed Buffers: Min: 0, Avg: 0.0, Max: 0, Diff: 0, Sum: 0]
      [Scan RS (ms): Min: 0.0, Avg: 0.0, Max: 0.0, Diff: 0.0, Sum: 0.0]
      [Code Root Scanning (ms): Min: 0.0, Avg: 0.7, Max: 1.2, Diff: 1.2, Sum: 2.9]
      [Object Copy (ms): Min: 2.8, Avg: 3.0, Max: 3.1, Diff: 0.4, Sum: 11.8]
      [Termination (ms): Min: 0.0, Avg: 0.0, Max: 0.0, Diff: 0.0, Sum: 0.0]
         [Termination Attempts: Min: 1, Avg: 5.8, Max: 14, Diff: 13, Sum: 23]
      [GC Worker Other (ms): Min: 0.0, Avg: 0.0, Max: 0.0, Diff: 0.0, Sum: 0.1]
      [GC Worker Total (ms): Min: 4.5, Avg: 4.6, Max: 4.6, Diff: 0.0, Sum: 18.2]
      [GC Worker End (ms): Min: 2033.6, Avg: 2033.6, Max: 2033.6, Diff: 0.0]
   [Code Root Fixup: 0.2 ms]
   [Code Root Purge: 0.0 ms]
   [Clear CT: 0.1 ms]
   [Other: 4.0 ms]
      [Choose CSet: 0.0 ms]
      [Ref Proc: 3.7 ms]
      [Ref Enq: 0.0 ms]
      [Redirty Cards: 0.0 ms]
      [Humongous Register: 0.0 ms]
      [Humongous Reclaim: 0.0 ms]
      [Free CSet: 0.1 ms]
   [Eden: 51.0M(51.0M)->0.0B(44.0M) Survivors: 0.0B->7168.0K Heap: 51.0M(1024.0M)->8025.0K(1024.0M)]
 [Times: user=0.02 sys=0.00, real=0.01 secs] 
2017-06-04T19:33:30.197-0900: 3.222: [GC pause (G1 Evacuation Pause) (young), 0.0099958 secs]
   [Parallel Time: 7.7 ms, GC Workers: 4]
      [GC Worker Start (ms): Min: 3222.1, Avg: 3222.4, Max: 3222.9, Diff: 0.8]
      [Ext Root Scanning (ms): Min: 0.8, Avg: 1.2, Max: 1.5, Diff: 0.7, Sum: 4.7]
      [Update RS (ms): Min: 0.0, Avg: 0.0, Max: 0.2, Diff: 0.2, Sum: 0.2]
         [Processed Buffers: Min: 0, Avg: 0.2, Max: 1, Diff: 1, Sum: 1]
      [Scan RS (ms): Min: 0.0, Avg: 0.0, Max: 0.0, Diff: 0.0, Sum: 0.0]
      [Code Root Scanning (ms): Min: 0.3, Avg: 1.8, Max: 3.0, Diff: 2.7, Sum: 7.3]
      [Object Copy (ms): Min: 3.0, Avg: 4.1, Max: 5.9, Diff: 2.9, Sum: 16.3]
      [Termination (ms): Min: 0.0, Avg: 0.1, Max: 0.2, Diff: 0.2, Sum: 0.4]
         [Termination Attempts: Min: 1, Avg: 4.5, Max: 6, Diff: 5, Sum: 18]
      [GC Worker Other (ms): Min: 0.0, Avg: 0.0, Max: 0.0, Diff: 0.0, Sum: 0.1]
      [GC Worker Total (ms): Min: 6.8, Avg: 7.3, Max: 7.7, Diff: 0.9, Sum: 29.1]
      [GC Worker End (ms): Min: 3229.7, Avg: 3229.7, Max: 3229.7, Diff: 0.1]
   [Code Root Fixup: 0.5 ms]
   [Code Root Purge: 0.0 ms]
   [Clear CT: 0.1 ms]
   [Other: 1.6 ms]
      [Choose CSet: 0.0 ms]
      [Ref Proc: 1.3 ms]
      [Ref Enq: 0.0 ms]
      [Redirty Cards: 0.1 ms]
      [Humongous Register: 0.0 ms]
      [Humongous Reclaim: 0.0 ms]
      [Free CSet: 0.1 ms]
   [Eden: 44.0M(44.0M)->0.0B(44.0M) Survivors: 7168.0K->7168.0K Heap: 179.8M(1024.0M)->136.7M(1024.0M)]
 [Times: user=0.03 sys=0.00, real=0.01 secs] 
2017-06-04T19:33:30.494-0900: 3.519: [GC pause (G1 Evacuation Pause) (young), 0.0095076 secs]
   [Parallel Time: 7.5 ms, GC Workers: 4]
      [GC Worker Start (ms): Min: 3519.1, Avg: 3519.1, Max: 3519.1, Diff: 0.0]
      [Ext Root Scanning (ms): Min: 0.2, Avg: 0.7, Max: 1.9, Diff: 1.7, Sum: 2.8]
      [Update RS (ms): Min: 0.0, Avg: 0.1, Max: 0.2, Diff: 0.2, Sum: 0.4]
         [Processed Buffers: Min: 0, Avg: 0.5, Max: 1, Diff: 1, Sum: 2]
      [Scan RS (ms): Min: 0.0, Avg: 0.0, Max: 0.0, Diff: 0.0, Sum: 0.0]
      [Code Root Scanning (ms): Min: 0.0, Avg: 0.9, Max: 1.9, Diff: 1.9, Sum: 3.6]
      [Object Copy (ms): Min: 4.6, Avg: 5.2, Max: 6.3, Diff: 1.7, Sum: 20.7]
      [Termination (ms): Min: 0.0, Avg: 0.3, Max: 0.6, Diff: 0.6, Sum: 1.3]
         [Termination Attempts: Min: 1, Avg: 6.8, Max: 12, Diff: 11, Sum: 27]
      [GC Worker Other (ms): Min: 0.0, Avg: 0.0, Max: 0.0, Diff: 0.0, Sum: 0.0]
      [GC Worker Total (ms): Min: 7.0, Avg: 7.2, Max: 7.4, Diff: 0.5, Sum: 28.8]
      [GC Worker End (ms): Min: 3526.1, Avg: 3526.3, Max: 3526.5, Diff: 0.5]
   [Code Root Fixup: 0.8 ms]
   [Code Root Purge: 0.1 ms]
   [Clear CT: 0.1 ms]
   [Other: 1.0 ms]
      [Choose CSet: 0.0 ms]
      [Ref Proc: 0.4 ms]
      [Ref Enq: 0.0 ms]
      [Redirty Cards: 0.1 ms]
      [Humongous Register: 0.0 ms]
      [Humongous Reclaim: 0.0 ms]
      [Free CSet: 0.3 ms]
   [Eden: 44.0M(44.0M)->0.0B(48.0M) Survivors: 7168.0K->3072.0K Heap: 180.7M(1024.0M)->135.2M(1024.0M)]
 [Times: user=0.03 sys=0.00, real=0.01 secs] 
2017-06-04T19:33:30.774-0900: 3.798: [GC pause (G1 Evacuation Pause) (young), 0.0030735 secs]
   [Parallel Time: 2.4 ms, GC Workers: 4]
      [GC Worker Start (ms): Min: 3798.4, Avg: 3798.4, Max: 3798.4, Diff: 0.0]
      [Ext Root Scanning (ms): Min: 0.3, Avg: 0.7, Max: 1.4, Diff: 1.2, Sum: 2.8]
      [Update RS (ms): Min: 0.0, Avg: 0.2, Max: 0.4, Diff: 0.4, Sum: 0.6]
         [Processed Buffers: Min: 0, Avg: 2.5, Max: 6, Diff: 6, Sum: 10]
      [Scan RS (ms): Min: 0.0, Avg: 0.2, Max: 0.4, Diff: 0.4, Sum: 1.0]
      [Code Root Scanning (ms): Min: 0.0, Avg: 0.1, Max: 0.3, Diff: 0.3, Sum: 0.5]
      [Object Copy (ms): Min: 0.9, Avg: 1.1, Max: 1.3, Diff: 0.5, Sum: 4.4]
      [Termination (ms): Min: 0.0, Avg: 0.1, Max: 0.1, Diff: 0.1, Sum: 0.2]
         [Termination Attempts: Min: 1, Avg: 1.0, Max: 1, Diff: 0, Sum: 4]
      [GC Worker Other (ms): Min: 0.0, Avg: 0.0, Max: 0.0, Diff: 0.0, Sum: 0.0]
      [GC Worker Total (ms): Min: 2.4, Avg: 2.4, Max: 2.4, Diff: 0.0, Sum: 9.5]
      [GC Worker End (ms): Min: 3800.8, Avg: 3800.8, Max: 3800.8, Diff: 0.0]
   [Code Root Fixup: 0.2 ms]
   [Code Root Purge: 0.0 ms]
   [Clear CT: 0.1 ms]
   [Other: 0.4 ms]
      [Choose CSet: 0.0 ms]
      [Ref Proc: 0.2 ms]
      [Ref Enq: 0.0 ms]
      [Redirty Cards: 0.0 ms]
      [Humongous Register: 0.0 ms]
      [Humongous Reclaim: 0.0 ms]
      [Free CSet: 0.0 ms]
   [Eden: 48.0M(48.0M)->0.0B(48.0M) Survivors: 3072.0K->3072.0K Heap: 183.2M(1024.0M)->135.3M(1024.0M)]
 [Times: user=0.01 sys=0.00, real=0.00 secs] 
2017-06-04T19:33:30.949-0900: 3.974: [GC pause (G1 Evacuation Pause) (young), 0.0044030 secs]
   [Parallel Time: 3.8 ms, GC Workers: 4]
      [GC Worker Start (ms): Min: 3973.8, Avg: 3975.3, Max: 3977.4, Diff: 3.6]
      [Ext Root Scanning (ms): Min: 0.0, Avg: 0.3, Max: 0.7, Diff: 0.7, Sum: 1.4]
      [Update RS (ms): Min: 0.0, Avg: 0.4, Max: 0.9, Diff: 0.9, Sum: 1.4]
         [Processed Buffers: Min: 0, Avg: 2.2, Max: 7, Diff: 7, Sum: 9]
      [Scan RS (ms): Min: 0.0, Avg: 0.0, Max: 0.0, Diff: 0.0, Sum: 0.0]
      [Code Root Scanning (ms): Min: 0.0, Avg: 0.2, Max: 0.8, Diff: 0.8, Sum: 1.0]
      [Object Copy (ms): Min: 0.0, Avg: 1.1, Max: 1.8, Diff: 1.8, Sum: 4.5]
      [Termination (ms): Min: 0.0, Avg: 0.2, Max: 0.3, Diff: 0.3, Sum: 0.8]
         [Termination Attempts: Min: 1, Avg: 1.0, Max: 1, Diff: 0, Sum: 4]
      [GC Worker Other (ms): Min: 0.0, Avg: 0.0, Max: 0.0, Diff: 0.0, Sum: 0.0]
      [GC Worker Total (ms): Min: 0.0, Avg: 2.3, Max: 3.8, Diff: 3.8, Sum: 9.1]
      [GC Worker End (ms): Min: 3977.5, Avg: 3977.6, Max: 3977.6, Diff: 0.2]
   [Code Root Fixup: 0.2 ms]
   [Code Root Purge: 0.0 ms]
   [Clear CT: 0.0 ms]
   [Other: 0.4 ms]
      [Choose CSet: 0.0 ms]
      [Ref Proc: 0.1 ms]
      [Ref Enq: 0.0 ms]
      [Redirty Cards: 0.0 ms]
      [Humongous Register: 0.0 ms]
      [Humongous Reclaim: 0.0 ms]
      [Free CSet: 0.0 ms]
   [Eden: 48.0M(48.0M)->0.0B(48.0M) Survivors: 3072.0K->3072.0K Heap: 183.3M(1024.0M)->135.4M(1024.0M)]
 [Times: user=0.01 sys=0.00, real=0.01 secs] 
2017-06-04T19:33:31.275-0900: 4.300: [GC pause (Metadata GC Threshold) (young) (initial-mark), 0.0044577 secs]
   [Parallel Time: 3.4 ms, GC Workers: 4]
      [GC Worker Start (ms): Min: 4299.8, Avg: 4300.1, Max: 4300.7, Diff: 0.9]
      [Ext Root Scanning (ms): Min: 0.0, Avg: 0.9, Max: 1.7, Diff: 1.7, Sum: 3.5]
      [Update RS (ms): Min: 0.1, Avg: 0.2, Max: 0.3, Diff: 0.3, Sum: 0.9]
         [Processed Buffers: Min: 0, Avg: 2.5, Max: 5, Diff: 5, Sum: 10]
      [Scan RS (ms): Min: 0.0, Avg: 0.0, Max: 0.0, Diff: 0.0, Sum: 0.0]
      [Code Root Scanning (ms): Min: 0.0, Avg: 0.2, Max: 0.9, Diff: 0.9, Sum: 0.9]
      [Object Copy (ms): Min: 1.3, Avg: 1.7, Max: 2.2, Diff: 0.9, Sum: 6.9]
      [Termination (ms): Min: 0.0, Avg: 0.0, Max: 0.0, Diff: 0.0, Sum: 0.0]
         [Termination Attempts: Min: 1, Avg: 1.0, Max: 1, Diff: 0, Sum: 4]
      [GC Worker Other (ms): Min: 0.0, Avg: 0.0, Max: 0.0, Diff: 0.0, Sum: 0.0]
      [GC Worker Total (ms): Min: 2.4, Avg: 3.1, Max: 3.3, Diff: 0.9, Sum: 12.2]
      [GC Worker End (ms): Min: 4303.2, Avg: 4303.2, Max: 4303.2, Diff: 0.0]
   [Code Root Fixup: 0.2 ms]
   [Code Root Purge: 0.0 ms]
   [Clear CT: 0.0 ms]
   [Other: 0.9 ms]
      [Choose CSet: 0.0 ms]
      [Ref Proc: 0.4 ms]
      [Ref Enq: 0.0 ms]
      [Redirty Cards: 0.0 ms]
      [Humongous Register: 0.0 ms]
      [Humongous Reclaim: 0.0 ms]
      [Free CSet: 0.0 ms]
   [Eden: 22.0M(48.0M)->0.0B(47.0M) Survivors: 3072.0K->4096.0K Heap: 156.8M(1024.0M)->136.0M(1024.0M)]
 [Times: user=0.01 sys=0.00, real=0.00 secs] 
2017-06-04T19:33:31.280-0900: 4.304: [GC concurrent-root-region-scan-start]
2017-06-04T19:33:31.284-0900: 4.309: [GC concurrent-root-region-scan-end, 0.0044262 secs]
2017-06-04T19:33:31.284-0900: 4.309: [GC concurrent-mark-start]
2017-06-04T19:33:31.296-0900: 4.321: [GC concurrent-mark-end, 0.0118614 secs]
2017-06-04T19:33:31.296-0900: 4.321: [GC remark 2017-06-04T19:33:31.296-0900: 4.321: [Finalize Marking, 0.0001052 secs] 2017-06-04T19:33:31.296-0900: 4.321: [GC ref-proc, 0.0000643 secs] 2017-06-04T19:33:31.296-0900: 4.321: [Unloading, 0.0034619 secs], 0.0048543 secs]
 [Times: user=0.01 sys=0.00, real=0.01 secs] 
2017-06-04T19:33:31.301-0900: 4.326: [GC cleanup 136M->135M(1024M), 0.0007819 secs]
 [Times: user=0.01 sys=0.01, real=0.00 secs] 
2017-06-04T19:33:31.302-0900: 4.327: [GC concurrent-cleanup-start]
2017-06-04T19:33:31.302-0900: 4.327: [GC concurrent-cleanup-end, 0.0000149 secs]
2017-06-04T19:33:31.846-0900: 4.871: [GC pause (G1 Evacuation Pause) (young), 0.0068483 secs]
   [Parallel Time: 5.1 ms, GC Workers: 4]
      [GC Worker Start (ms): Min: 4870.8, Avg: 4870.8, Max: 4870.9, Diff: 0.1]
      [Ext Root Scanning (ms): Min: 0.8, Avg: 0.8, Max: 0.9, Diff: 0.0, Sum: 3.4]
      [Update RS (ms): Min: 0.1, Avg: 0.2, Max: 0.4, Diff: 0.3, Sum: 0.9]
         [Processed Buffers: Min: 1, Avg: 3.5, Max: 10, Diff: 9, Sum: 14]
      [Scan RS (ms): Min: 0.0, Avg: 0.0, Max: 0.0, Diff: 0.0, Sum: 0.0]
      [Code Root Scanning (ms): Min: 0.0, Avg: 0.2, Max: 0.7, Diff: 0.7, Sum: 0.8]
      [Object Copy (ms): Min: 2.3, Avg: 2.6, Max: 2.7, Diff: 0.5, Sum: 10.3]
      [Termination (ms): Min: 0.0, Avg: 0.3, Max: 1.2, Diff: 1.2, Sum: 1.3]
         [Termination Attempts: Min: 1, Avg: 1.0, Max: 1, Diff: 0, Sum: 4]
      [GC Worker Other (ms): Min: 0.0, Avg: 0.0, Max: 0.0, Diff: 0.0, Sum: 0.1]
      [GC Worker Total (ms): Min: 3.9, Avg: 4.2, Max: 5.0, Diff: 1.1, Sum: 16.8]
      [GC Worker End (ms): Min: 4874.8, Avg: 4875.0, Max: 4875.8, Diff: 1.1]
   [Code Root Fixup: 0.2 ms]
   [Code Root Purge: 0.0 ms]
   [Clear CT: 0.1 ms]
   [Other: 1.5 ms]
      [Choose CSet: 0.0 ms]
      [Ref Proc: 0.9 ms]
      [Ref Enq: 0.0 ms]
      [Redirty Cards: 0.2 ms]
      [Humongous Register: 0.0 ms]
      [Humongous Reclaim: 0.0 ms]
      [Free CSet: 0.1 ms]
   [Eden: 47.0M(47.0M)->0.0B(47.0M) Survivors: 4096.0K->5120.0K Heap: 182.0M(1024.0M)->135.9M(1024.0M)]
 [Times: user=0.02 sys=0.00, real=0.01 secs] 
2017-06-04T19:33:32.103-0900: 5.127: [GC pause (G1 Evacuation Pause) (young), 0.0062322 secs]
   [Parallel Time: 4.4 ms, GC Workers: 4]
      [GC Worker Start (ms): Min: 5127.5, Avg: 5127.5, Max: 5127.5, Diff: 0.0]
      [Ext Root Scanning (ms): Min: 0.4, Avg: 1.1, Max: 2.9, Diff: 2.5, Sum: 4.6]
      [Update RS (ms): Min: 0.0, Avg: 0.2, Max: 0.4, Diff: 0.4, Sum: 0.8]
         [Processed Buffers: Min: 0, Avg: 2.5, Max: 7, Diff: 7, Sum: 10]
      [Scan RS (ms): Min: 0.0, Avg: 0.0, Max: 0.0, Diff: 0.0, Sum: 0.1]
      [Code Root Scanning (ms): Min: 0.0, Avg: 0.2, Max: 0.5, Diff: 0.5, Sum: 0.8]
      [Object Copy (ms): Min: 1.5, Avg: 2.8, Max: 3.3, Diff: 1.8, Sum: 11.1]
      [Termination (ms): Min: 0.0, Avg: 0.0, Max: 0.0, Diff: 0.0, Sum: 0.0]
         [Termination Attempts: Min: 1, Avg: 1.0, Max: 1, Diff: 0, Sum: 4]
      [GC Worker Other (ms): Min: 0.0, Avg: 0.0, Max: 0.0, Diff: 0.0, Sum: 0.0]
      [GC Worker Total (ms): Min: 4.3, Avg: 4.4, Max: 4.4, Diff: 0.0, Sum: 17.5]
      [GC Worker End (ms): Min: 5131.9, Avg: 5131.9, Max: 5131.9, Diff: 0.0]
   [Code Root Fixup: 0.3 ms]
   [Code Root Purge: 0.0 ms]
   [Clear CT: 0.1 ms]
   [Other: 1.5 ms]
      [Choose CSet: 0.0 ms]
      [Ref Proc: 1.1 ms]
      [Ref Enq: 0.0 ms]
      [Redirty Cards: 0.0 ms]
      [Humongous Register: 0.1 ms]
      [Humongous Reclaim: 0.0 ms]
      [Free CSet: 0.1 ms]
   [Eden: 47.0M(47.0M)->0.0B(66.0M) Survivors: 5120.0K->5120.0K Heap: 182.9M(1024.0M)->135.9M(1024.0M)]
 [Times: user=0.01 sys=0.00, real=0.00 secs] 
2017-06-04T19:33:32.583-0900: 5.607: [GC pause (G1 Humongous Allocation) (young) (initial-mark), 0.0147642 secs]
   [Parallel Time: 13.3 ms, GC Workers: 4]
      [GC Worker Start (ms): Min: 5607.3, Avg: 5612.5, Max: 5617.6, Diff: 10.3]
      [Ext Root Scanning (ms): Min: 0.0, Avg: 4.8, Max: 10.4, Diff: 10.4, Sum: 19.2]
      [Update RS (ms): Min: 0.1, Avg: 0.5, Max: 1.4, Diff: 1.3, Sum: 1.8]
         [Processed Buffers: Min: 1, Avg: 3.0, Max: 7, Diff: 6, Sum: 12]
      [Scan RS (ms): Min: 0.0, Avg: 0.0, Max: 0.0, Diff: 0.0, Sum: 0.0]
      [Code Root Scanning (ms): Min: 0.0, Avg: 0.3, Max: 1.2, Diff: 1.2, Sum: 1.3]
      [Object Copy (ms): Min: 1.4, Avg: 2.4, Max: 2.9, Diff: 1.5, Sum: 9.6]
      [Termination (ms): Min: 0.0, Avg: 0.0, Max: 0.0, Diff: 0.0, Sum: 0.0]
         [Termination Attempts: Min: 1, Avg: 1.2, Max: 2, Diff: 1, Sum: 5]
      [GC Worker Other (ms): Min: 0.0, Avg: 0.0, Max: 0.0, Diff: 0.0, Sum: 0.1]
      [GC Worker Total (ms): Min: 2.9, Avg: 8.0, Max: 13.2, Diff: 10.4, Sum: 32.2]
      [GC Worker End (ms): Min: 5620.5, Avg: 5620.5, Max: 5620.5, Diff: 0.0]
   [Code Root Fixup: 0.3 ms]
   [Code Root Purge: 0.0 ms]
   [Clear CT: 0.1 ms]
   [Other: 1.1 ms]
      [Choose CSet: 0.0 ms]
      [Ref Proc: 0.4 ms]
      [Ref Enq: 0.0 ms]
      [Redirty Cards: 0.0 ms]
      [Humongous Register: 0.0 ms]
      [Humongous Reclaim: 0.4 ms]
      [Free CSet: 0.1 ms]
   [Eden: 45.0M(66.0M)->0.0B(65.0M) Survivors: 5120.0K->6144.0K Heap: 365.4M(1024.0M)->136.8M(1024.0M)]
 [Times: user=0.02 sys=0.00, real=0.01 secs] 
2017-06-04T19:33:32.597-0900: 5.622: [GC concurrent-root-region-scan-start]
2017-06-04T19:33:32.603-0900: 5.627: [GC concurrent-root-region-scan-end, 0.0052860 secs]
2017-06-04T19:33:32.603-0900: 5.627: [GC concurrent-mark-start]
2017-06-04T19:33:32.614-0900: 5.639: [GC concurrent-mark-end, 0.0117504 secs]
2017-06-04T19:33:32.615-0900: 5.639: [GC remark 2017-06-04T19:33:32.615-0900: 5.639: [Finalize Marking, 0.0001513 secs] 2017-06-04T19:33:32.615-0900: 5.640: [GC ref-proc, 0.0000705 secs] 2017-06-04T19:33:32.615-0900: 5.640: [Unloading, 0.0042940 secs], 0.0068633 secs]
 [Times: user=0.02 sys=0.00, real=0.01 secs] 
2017-06-04T19:33:32.622-0900: 5.646: [GC cleanup 157M->157M(1024M), 0.0010055 secs]
 [Times: user=0.00 sys=0.00, real=0.00 secs] 
2017-06-04T20:01:45.755-0900: 1698.723: [GC pause (G1 Evacuation Pause) (young), 0.3505534 secs]
   [Parallel Time: 270.6 ms, GC Workers: 4]
      [GC Worker Start (ms): Min: 1698779.4, Avg: 1698779.5, Max: 1698779.6, Diff: 0.2]
      [Ext Root Scanning (ms): Min: 43.5, Avg: 83.5, Max: 201.5, Diff: 158.0, Sum: 334.1]
      [Update RS (ms): Min: 0.0, Avg: 30.2, Max: 52.8, Diff: 52.8, Sum: 121.0]
         [Processed Buffers: Min: 0, Avg: 4.2, Max: 13, Diff: 13, Sum: 17]
      [Scan RS (ms): Min: 0.0, Avg: 0.0, Max: 0.0, Diff: 0.0, Sum: 0.1]
      [Code Root Scanning (ms): Min: 0.0, Avg: 29.0, Max: 64.8, Diff: 64.8, Sum: 116.1]
      [Object Copy (ms): Min: 38.4, Avg: 90.0, Max: 133.8, Diff: 95.4, Sum: 359.8]
      [Termination (ms): Min: 26.4, Avg: 33.4, Max: 42.7, Diff: 16.2, Sum: 133.7]
         [Termination Attempts: Min: 39, Avg: 54.2, Max: 68, Diff: 29, Sum: 217]
      [GC Worker Other (ms): Min: 4.0, Avg: 4.1, Max: 4.2, Diff: 0.2, Sum: 16.5]
      [GC Worker Total (ms): Min: 270.2, Avg: 270.3, Max: 270.4, Diff: 0.2, Sum: 1081.3]
      [GC Worker End (ms): Min: 1699049.8, Avg: 1699049.8, Max: 1699049.9, Diff: 0.0]
   [Code Root Fixup: 0.3 ms]
   [Code Root Purge: 0.0 ms]
   [Clear CT: 3.3 ms]
   [Other: 76.3 ms]
      [Choose CSet: 0.0 ms]
      [Ref Proc: 0.6 ms]
      [Ref Enq: 0.0 ms]
      [Redirty Cards: 0.1 ms]
      [Humongous Register: 37.0 ms]
      [Humongous Reclaim: 0.6 ms]
      [Free CSet: 8.4 ms]
   [Eden: 65.0M(65.0M)->0.0B(46.0M) Survivors: 6144.0K->5120.0K Heap: 266.8M(1024.0M)->135.9M(1024.0M)]
 [Times: user=0.14 sys=0.22, real=0.35 secs] 
2017-06-04T20:13:01.804-0900: 2374.740: [GC pause (G1 Evacuation Pause) (young), 0.1311941 secs]
   [Parallel Time: 91.8 ms, GC Workers: 4]
      [GC Worker Start (ms): Min: 2374761.8, Avg: 2374761.9, Max: 2374762.0, Diff: 0.2]
      [Ext Root Scanning (ms): Min: 14.0, Avg: 17.7, Max: 24.9, Diff: 10.9, Sum: 70.8]
      [Update RS (ms): Min: 0.0, Avg: 1.4, Max: 2.0, Diff: 2.0, Sum: 5.8]
         [Processed Buffers: Min: 0, Avg: 3.0, Max: 6, Diff: 6, Sum: 12]
      [Scan RS (ms): Min: 0.0, Avg: 0.0, Max: 0.0, Diff: 0.0, Sum: 0.0]
      [Code Root Scanning (ms): Min: 0.0, Avg: 0.6, Max: 1.2, Diff: 1.2, Sum: 2.3]
      [Object Copy (ms): Min: 64.8, Avg: 70.6, Max: 74.4, Diff: 9.7, Sum: 282.6]
      [Termination (ms): Min: 0.0, Avg: 1.2, Max: 2.8, Diff: 2.8, Sum: 4.8]
         [Termination Attempts: Min: 1, Avg: 4.0, Max: 7, Diff: 6, Sum: 16]
      [GC Worker Other (ms): Min: 0.0, Avg: 0.0, Max: 0.1, Diff: 0.0, Sum: 0.2]
      [GC Worker Total (ms): Min: 91.5, Avg: 91.6, Max: 91.7, Diff: 0.2, Sum: 366.5]
      [GC Worker End (ms): Min: 2374853.6, Avg: 2374853.6, Max: 2374853.6, Diff: 0.0]
   [Code Root Fixup: 0.4 ms]
   [Code Root Purge: 0.0 ms]
   [Clear CT: 3.7 ms]
   [Other: 35.2 ms]
      [Choose CSet: 0.0 ms]
      [Ref Proc: 10.1 ms]
      [Ref Enq: 0.0 ms]
      [Redirty Cards: 0.1 ms]
      [Humongous Register: 17.4 ms]
      [Humongous Reclaim: 0.0 ms]
      [Free CSet: 0.3 ms]
   [Eden: 46.0M(46.0M)->0.0B(44.0M) Survivors: 5120.0K->7168.0K Heap: 181.9M(1024.0M)->138.4M(1024.0M)]
 [Times: user=0.04 sys=0.09, real=0.13 secs] 
2017-06-04T20:16:24.649-0900: 2577.578: [GC pause (G1 Evacuation Pause) (young), 0.0406938 secs]
   [Parallel Time: 38.5 ms, GC Workers: 4]
      [GC Worker Start (ms): Min: 2577578.2, Avg: 2577578.2, Max: 2577578.3, Diff: 0.1]
      [Ext Root Scanning (ms): Min: 1.1, Avg: 2.9, Max: 4.3, Diff: 3.2, Sum: 11.4]
      [Update RS (ms): Min: 0.0, Avg: 0.2, Max: 0.7, Diff: 0.7, Sum: 0.7]
         [Processed Buffers: Min: 0, Avg: 1.8, Max: 7, Diff: 7, Sum: 7]
      [Scan RS (ms): Min: 0.0, Avg: 0.0, Max: 0.0, Diff: 0.0, Sum: 0.0]
      [Code Root Scanning (ms): Min: 0.0, Avg: 0.9, Max: 2.0, Diff: 2.0, Sum: 3.5]
      [Object Copy (ms): Min: 33.2, Avg: 34.1, Max: 35.2, Diff: 2.0, Sum: 136.2]
      [Termination (ms): Min: 0.0, Avg: 0.4, Max: 1.2, Diff: 1.2, Sum: 1.4]
         [Termination Attempts: Min: 1, Avg: 1.2, Max: 2, Diff: 1, Sum: 5]
      [GC Worker Other (ms): Min: 0.0, Avg: 0.0, Max: 0.0, Diff: 0.0, Sum: 0.1]
      [GC Worker Total (ms): Min: 38.3, Avg: 38.4, Max: 38.4, Diff: 0.1, Sum: 153.4]
      [GC Worker End (ms): Min: 2577616.6, Avg: 2577616.6, Max: 2577616.6, Diff: 0.0]
   [Code Root Fixup: 0.6 ms]
   [Code Root Purge: 0.0 ms]
   [Clear CT: 0.1 ms]
   [Other: 1.5 ms]
      [Choose CSet: 0.0 ms]
      [Ref Proc: 0.9 ms]
      [Ref Enq: 0.0 ms]
      [Redirty Cards: 0.1 ms]
      [Humongous Register: 0.0 ms]
      [Humongous Reclaim: 0.0 ms]
      [Free CSet: 0.2 ms]
   [Eden: 44.0M(44.0M)->0.0B(46.0M) Survivors: 7168.0K->5120.0K Heap: 182.4M(1024.0M)->137.9M(1024.0M)]
 [Times: user=0.03 sys=0.02, real=0.05 secs] 
2017-06-04T20:20:02.045-0900: 2794.966: [GC pause (G1 Evacuation Pause) (young), 0.0399455 secs]
   [Parallel Time: 26.0 ms, GC Workers: 4]
      [GC Worker Start (ms): Min: 2794975.4, Avg: 2794975.6, Max: 2794975.8, Diff: 0.4]
      [Ext Root Scanning (ms): Min: 7.1, Avg: 9.3, Max: 11.9, Diff: 4.8, Sum: 37.2]
      [Update RS (ms): Min: 2.6, Avg: 3.8, Max: 6.6, Diff: 4.0, Sum: 15.2]
         [Processed Buffers: Min: 3, Avg: 4.0, Max: 6, Diff: 3, Sum: 16]
      [Scan RS (ms): Min: 0.0, Avg: 0.0, Max: 0.0, Diff: 0.0, Sum: 0.0]
      [Code Root Scanning (ms): Min: 0.0, Avg: 1.3, Max: 5.3, Diff: 5.3, Sum: 5.3]
      [Object Copy (ms): Min: 10.4, Avg: 11.1, Max: 11.5, Diff: 1.0, Sum: 44.3]
      [Termination (ms): Min: 0.0, Avg: 0.2, Max: 0.2, Diff: 0.2, Sum: 0.6]
         [Termination Attempts: Min: 1, Avg: 1.0, Max: 1, Diff: 0, Sum: 4]
      [GC Worker Other (ms): Min: 0.0, Avg: 0.0, Max: 0.1, Diff: 0.0, Sum: 0.2]
      [GC Worker Total (ms): Min: 25.5, Avg: 25.7, Max: 25.9, Diff: 0.4, Sum: 102.9]
      [GC Worker End (ms): Min: 2795001.3, Avg: 2795001.3, Max: 2795001.3, Diff: 0.0]
   [Code Root Fixup: 0.3 ms]
   [Code Root Purge: 0.0 ms]
   [Clear CT: 0.1 ms]
   [Other: 13.6 ms]
      [Choose CSet: 0.0 ms]
      [Ref Proc: 0.2 ms]
      [Ref Enq: 0.0 ms]
      [Redirty Cards: 0.1 ms]
      [Humongous Register: 9.3 ms]
      [Humongous Reclaim: 0.0 ms]
      [Free CSet: 3.6 ms]
   [Eden: 46.0M(46.0M)->0.0B(47.0M) Survivors: 5120.0K->4096.0K Heap: 183.9M(1024.0M)->136.4M(1024.0M)]
 [Times: user=0.03 sys=0.03, real=0.04 secs] 
2017-06-04T20:23:52.350-0900: 3025.262: [GC pause (G1 Evacuation Pause) (young), 0.0137920 secs]
   [Parallel Time: 12.9 ms, GC Workers: 4]
      [GC Worker Start (ms): Min: 3025262.2, Avg: 3025262.2, Max: 3025262.2, Diff: 0.0]
      [Ext Root Scanning (ms): Min: 0.3, Avg: 1.7, Max: 4.9, Diff: 4.6, Sum: 6.8]
      [Update RS (ms): Min: 0.0, Avg: 0.4, Max: 0.8, Diff: 0.8, Sum: 1.6]
         [Processed Buffers: Min: 0, Avg: 4.2, Max: 13, Diff: 13, Sum: 17]
      [Scan RS (ms): Min: 0.0, Avg: 0.0, Max: 0.0, Diff: 0.0, Sum: 0.0]
      [Code Root Scanning (ms): Min: 0.0, Avg: 0.4, Max: 1.0, Diff: 1.0, Sum: 1.8]
      [Object Copy (ms): Min: 6.1, Avg: 9.3, Max: 12.4, Diff: 6.3, Sum: 37.2]
      [Termination (ms): Min: 0.0, Avg: 0.9, Max: 1.8, Diff: 1.8, Sum: 3.6]
         [Termination Attempts: Min: 1, Avg: 1.0, Max: 1, Diff: 0, Sum: 4]
      [GC Worker Other (ms): Min: 0.0, Avg: 0.0, Max: 0.0, Diff: 0.0, Sum: 0.1]
      [GC Worker Total (ms): Min: 12.7, Avg: 12.8, Max: 12.8, Diff: 0.1, Sum: 51.1]
      [GC Worker End (ms): Min: 3025274.9, Avg: 3025275.0, Max: 3025275.0, Diff: 0.0]
   [Code Root Fixup: 0.3 ms]
   [Code Root Purge: 0.0 ms]
   [Clear CT: 0.1 ms]
   [Other: 0.5 ms]
      [Choose CSet: 0.0 ms]
      [Ref Proc: 0.1 ms]
      [Ref Enq: 0.0 ms]
      [Redirty Cards: 0.1 ms]
      [Humongous Register: 0.0 ms]
      [Humongous Reclaim: 0.0 ms]
      [Free CSet: 0.1 ms]
   [Eden: 47.0M(47.0M)->0.0B(47.0M) Survivors: 4096.0K->4096.0K Heap: 183.4M(1024.0M)->136.9M(1024.0M)]
 [Times: user=0.02 sys=0.00, real=0.01 secs] 
2017-06-04T20:27:49.947-0900: 3262.850: [GC pause (G1 Evacuation Pause) (young), 0.0118703 secs]
   [Parallel Time: 10.9 ms, GC Workers: 4]
      [GC Worker Start (ms): Min: 3262850.4, Avg: 3262850.4, Max: 3262850.5, Diff: 0.0]
      [Ext Root Scanning (ms): Min: 0.5, Avg: 0.6, Max: 0.8, Diff: 0.4, Sum: 2.4]
      [Update RS (ms): Min: 0.3, Avg: 0.7, Max: 0.9, Diff: 0.6, Sum: 2.7]
         [Processed Buffers: Min: 1, Avg: 4.2, Max: 13, Diff: 12, Sum: 17]
      [Scan RS (ms): Min: 0.0, Avg: 0.0, Max: 0.0, Diff: 0.0, Sum: 0.0]
      [Code Root Scanning (ms): Min: 0.0, Avg: 0.7, Max: 3.0, Diff: 3.0, Sum: 3.0]
      [Object Copy (ms): Min: 4.6, Avg: 7.3, Max: 9.5, Diff: 5.0, Sum: 29.0]
      [Termination (ms): Min: 0.0, Avg: 1.6, Max: 2.1, Diff: 2.1, Sum: 6.2]
         [Termination Attempts: Min: 1, Avg: 2.8, Max: 4, Diff: 3, Sum: 11]
      [GC Worker Other (ms): Min: 0.0, Avg: 0.0, Max: 0.0, Diff: 0.0, Sum: 0.1]
      [GC Worker Total (ms): Min: 10.8, Avg: 10.9, Max: 10.9, Diff: 0.0, Sum: 43.4]
      [GC Worker End (ms): Min: 3262861.3, Avg: 3262861.3, Max: 3262861.3, Diff: 0.0]
   [Code Root Fixup: 0.3 ms]
   [Code Root Purge: 0.0 ms]
   [Clear CT: 0.1 ms]
   [Other: 0.5 ms]
      [Choose CSet: 0.0 ms]
      [Ref Proc: 0.2 ms]
      [Ref Enq: 0.0 ms]
      [Redirty Cards: 0.1 ms]
      [Humongous Register: 0.0 ms]
      [Humongous Reclaim: 0.0 ms]
      [Free CSet: 0.0 ms]
   [Eden: 47.0M(47.0M)->0.0B(47.0M) Survivors: 4096.0K->4096.0K Heap: 183.9M(1024.0M)->136.9M(1024.0M)]
 [Times: user=0.03 sys=0.01, real=0.02 secs] 
2017-06-04T20:31:44.747-0900: 3497.641: [GC pause (G1 Evacuation Pause) (young), 0.0353137 secs]
   [Parallel Time: 31.0 ms, GC Workers: 4]
      [GC Worker Start (ms): Min: 3497641.5, Avg: 3497645.9, Max: 3497649.0, Diff: 7.5]
      [Ext Root Scanning (ms): Min: 0.0, Avg: 0.5, Max: 2.0, Diff: 2.0, Sum: 2.0]
      [Update RS (ms): Min: 0.0, Avg: 0.5, Max: 1.3, Diff: 1.3, Sum: 2.0]
         [Processed Buffers: Min: 0, Avg: 4.2, Max: 14, Diff: 14, Sum: 17]
      [Scan RS (ms): Min: 0.0, Avg: 0.0, Max: 0.0, Diff: 0.0, Sum: 0.0]
      [Code Root Scanning (ms): Min: 0.0, Avg: 0.4, Max: 1.1, Diff: 1.1, Sum: 1.7]
      [Object Copy (ms): Min: 23.4, Avg: 24.7, Max: 27.0, Diff: 3.6, Sum: 98.9]
      [Termination (ms): Min: 0.0, Avg: 0.4, Max: 1.3, Diff: 1.3, Sum: 1.5]
         [Termination Attempts: Min: 1, Avg: 1.2, Max: 2, Diff: 1, Sum: 5]
      [GC Worker Other (ms): Min: 0.0, Avg: 0.0, Max: 0.0, Diff: 0.0, Sum: 0.1]
      [GC Worker Total (ms): Min: 23.4, Avg: 26.6, Max: 30.9, Diff: 7.5, Sum: 106.3]
      [GC Worker End (ms): Min: 3497672.4, Avg: 3497672.4, Max: 3497672.5, Diff: 0.1]
   [Code Root Fixup: 0.5 ms]
   [Code Root Purge: 0.0 ms]
   [Clear CT: 0.1 ms]
   [Other: 3.7 ms]
      [Choose CSet: 0.0 ms]
      [Ref Proc: 3.3 ms]
      [Ref Enq: 0.0 ms]
      [Redirty Cards: 0.0 ms]
      [Humongous Register: 0.1 ms]
      [Humongous Reclaim: 0.0 ms]
      [Free CSet: 0.1 ms]
   [Eden: 47.0M(47.0M)->0.0B(46.0M) Survivors: 4096.0K->5120.0K Heap: 183.9M(1024.0M)->137.4M(1024.0M)]
 [Times: user=0.02 sys=0.01, real=0.04 secs] 
2017-06-04T20:35:24.884-0900: 3717.770: [GC pause (G1 Evacuation Pause) (young), 0.0451634 secs]
   [Parallel Time: 36.7 ms, GC Workers: 4]
      [GC Worker Start (ms): Min: 3717777.9, Avg: 3717778.1, Max: 3717778.1, Diff: 0.2]
      [Ext Root Scanning (ms): Min: 5.3, Avg: 9.8, Max: 15.0, Diff: 9.7, Sum: 39.3]
      [Update RS (ms): Min: 1.5, Avg: 4.5, Max: 7.2, Diff: 5.7, Sum: 18.0]
         [Processed Buffers: Min: 1, Avg: 4.0, Max: 11, Diff: 10, Sum: 16]
      [Scan RS (ms): Min: 0.0, Avg: 0.0, Max: 0.0, Diff: 0.0, Sum: 0.0]
      [Code Root Scanning (ms): Min: 0.0, Avg: 5.0, Max: 20.0, Diff: 20.0, Sum: 20.0]
      [Object Copy (ms): Min: 4.2, Avg: 7.6, Max: 9.1, Diff: 4.9, Sum: 30.3]
      [Termination (ms): Min: 0.0, Avg: 8.4, Max: 11.3, Diff: 11.3, Sum: 33.8]
         [Termination Attempts: Min: 1, Avg: 1.0, Max: 1, Diff: 0, Sum: 4]
      [GC Worker Other (ms): Min: 0.0, Avg: 1.1, Max: 4.2, Diff: 4.1, Sum: 4.3]
      [GC Worker Total (ms): Min: 36.3, Avg: 36.4, Max: 36.6, Diff: 0.2, Sum: 145.8]
      [GC Worker End (ms): Min: 3717814.5, Avg: 3717814.5, Max: 3717814.6, Diff: 0.1]
   [Code Root Fixup: 0.3 ms]
   [Code Root Purge: 0.0 ms]
   [Clear CT: 0.1 ms]
   [Other: 8.1 ms]
      [Choose CSet: 0.0 ms]
      [Ref Proc: 0.2 ms]
      [Ref Enq: 0.0 ms]
      [Redirty Cards: 0.1 ms]
      [Humongous Register: 4.9 ms]
      [Humongous Reclaim: 0.0 ms]
      [Free CSet: 0.1 ms]
   [Eden: 46.0M(46.0M)->0.0B(47.0M) Survivors: 5120.0K->4096.0K Heap: 183.4M(1024.0M)->136.9M(1024.0M)]
 [Times: user=0.05 sys=0.04, real=0.05 secs] 
2017-06-04T20:39:18.910-0900: 3951.787: [GC pause (G1 Evacuation Pause) (young), 0.0336352 secs]
   [Parallel Time: 32.6 ms, GC Workers: 4]
      [GC Worker Start (ms): Min: 3951787.6, Avg: 3951787.6, Max: 3951787.7, Diff: 0.1]
      [Ext Root Scanning (ms): Min: 0.9, Avg: 6.2, Max: 17.6, Diff: 16.7, Sum: 24.9]
      [Update RS (ms): Min: 0.0, Avg: 0.4, Max: 1.7, Diff: 1.7, Sum: 1.7]
         [Processed Buffers: Min: 0, Avg: 4.0, Max: 16, Diff: 16, Sum: 16]
      [Scan RS (ms): Min: 0.0, Avg: 0.0, Max: 0.0, Diff: 0.0, Sum: 0.1]
      [Code Root Scanning (ms): Min: 0.0, Avg: 2.9, Max: 4.7, Diff: 4.7, Sum: 11.6]
      [Object Copy (ms): Min: 14.9, Avg: 22.9, Max: 27.7, Diff: 12.7, Sum: 91.6]
      [Termination (ms): Min: 0.0, Avg: 0.1, Max: 0.1, Diff: 0.1, Sum: 0.3]
         [Termination Attempts: Min: 1, Avg: 1.5, Max: 2, Diff: 1, Sum: 6]
      [GC Worker Other (ms): Min: 0.0, Avg: 0.0, Max: 0.0, Diff: 0.0, Sum: 0.1]
      [GC Worker Total (ms): Min: 32.5, Avg: 32.6, Max: 32.6, Diff: 0.1, Sum: 130.3]
      [GC Worker End (ms): Min: 3951820.2, Avg: 3951820.2, Max: 3951820.2, Diff: 0.0]
   [Code Root Fixup: 0.4 ms]
   [Code Root Purge: 0.0 ms]
   [Clear CT: 0.1 ms]
   [Other: 0.6 ms]
      [Choose CSet: 0.0 ms]
      [Ref Proc: 0.2 ms]
      [Ref Enq: 0.0 ms]
      [Redirty Cards: 0.1 ms]
      [Humongous Register: 0.0 ms]
      [Humongous Reclaim: 0.0 ms]
      [Free CSet: 0.1 ms]
   [Eden: 47.0M(47.0M)->0.0B(46.0M) Survivors: 4096.0K->5120.0K Heap: 183.9M(1024.0M)->137.4M(1024.0M)]
 [Times: user=0.02 sys=0.02, real=0.03 secs] 
2017-06-04T20:43:08.518-0900: 4181.387: [GC pause (G1 Evacuation Pause) (young), 0.0446482 secs]
   [Parallel Time: 39.8 ms, GC Workers: 4]
      [GC Worker Start (ms): Min: 4181391.0, Avg: 4181391.6, Max: 4181392.3, Diff: 1.4]
      [Ext Root Scanning (ms): Min: 4.0, Avg: 10.8, Max: 17.1, Diff: 13.1, Sum: 43.3]
      [Update RS (ms): Min: 0.0, Avg: 2.5, Max: 5.3, Diff: 5.3, Sum: 10.0]
         [Processed Buffers: Min: 0, Avg: 4.0, Max: 14, Diff: 14, Sum: 16]
      [Scan RS (ms): Min: 0.0, Avg: 0.0, Max: 0.0, Diff: 0.0, Sum: 0.1]
      [Code Root Scanning (ms): Min: 0.0, Avg: 1.7, Max: 4.3, Diff: 4.3, Sum: 6.9]
      [Object Copy (ms): Min: 18.5, Avg: 22.3, Max: 25.6, Diff: 7.2, Sum: 89.1]
      [Termination (ms): Min: 0.0, Avg: 1.7, Max: 2.2, Diff: 2.2, Sum: 6.7]
         [Termination Attempts: Min: 1, Avg: 1.2, Max: 2, Diff: 1, Sum: 5]
      [GC Worker Other (ms): Min: 0.0, Avg: 0.1, Max: 0.1, Diff: 0.0, Sum: 0.2]
      [GC Worker Total (ms): Min: 38.3, Avg: 39.0, Max: 39.7, Diff: 1.4, Sum: 156.2]
      [GC Worker End (ms): Min: 4181430.6, Avg: 4181430.6, Max: 4181430.7, Diff: 0.1]
   [Code Root Fixup: 0.3 ms]
   [Code Root Purge: 0.0 ms]
   [Clear CT: 0.1 ms]
   [Other: 4.4 ms]
      [Choose CSet: 0.0 ms]
      [Ref Proc: 0.2 ms]
      [Ref Enq: 0.0 ms]
      [Redirty Cards: 0.1 ms]
      [Humongous Register: 2.6 ms]
      [Humongous Reclaim: 0.0 ms]
      [Free CSet: 0.1 ms]
   [Eden: 46.0M(46.0M)->0.0B(46.0M) Survivors: 5120.0K->5120.0K Heap: 183.4M(1024.0M)->137.6M(1024.0M)]
 [Times: user=0.03 sys=0.03, real=0.05 secs] 
2017-06-04T20:46:57.419-0900: 4410.280: [GC pause (G1 Evacuation Pause) (young), 0.1079515 secs]
   [Parallel Time: 91.3 ms, GC Workers: 4]
      [GC Worker Start (ms): Min: 4410294.0, Avg: 4410295.1, Max: 4410298.3, Diff: 4.3]
      [Ext Root Scanning (ms): Min: 15.1, Avg: 21.7, Max: 32.9, Diff: 17.8, Sum: 87.0]
      [Update RS (ms): Min: 0.1, Avg: 7.1, Max: 14.8, Diff: 14.7, Sum: 28.4]
         [Processed Buffers: Min: 1, Avg: 4.2, Max: 11, Diff: 10, Sum: 17]
      [Scan RS (ms): Min: 0.0, Avg: 0.0, Max: 0.0, Diff: 0.0, Sum: 0.0]
      [Code Root Scanning (ms): Min: 0.0, Avg: 10.9, Max: 23.0, Diff: 23.0, Sum: 43.8]
      [Object Copy (ms): Min: 37.0, Avg: 46.7, Max: 60.0, Diff: 23.0, Sum: 186.8]
      [Termination (ms): Min: 0.0, Avg: 0.4, Max: 1.4, Diff: 1.4, Sum: 1.7]
         [Termination Attempts: Min: 1, Avg: 2.0, Max: 4, Diff: 3, Sum: 8]
      [GC Worker Other (ms): Min: 0.1, Avg: 3.2, Max: 8.4, Diff: 8.4, Sum: 12.6]
      [GC Worker Total (ms): Min: 86.9, Avg: 90.1, Max: 91.2, Diff: 4.3, Sum: 360.3]
      [GC Worker End (ms): Min: 4410385.1, Avg: 4410385.1, Max: 4410385.2, Diff: 0.0]
   [Code Root Fixup: 0.4 ms]
   [Code Root Purge: 0.0 ms]
   [Clear CT: 0.1 ms]
   [Other: 16.1 ms]
      [Choose CSet: 0.0 ms]
      [Ref Proc: 1.5 ms]
      [Ref Enq: 0.0 ms]
      [Redirty Cards: 0.1 ms]
      [Humongous Register: 6.4 ms]
      [Humongous Reclaim: 0.0 ms]
      [Free CSet: 0.2 ms]
   [Eden: 46.0M(46.0M)->0.0B(46.0M) Survivors: 5120.0K->5120.0K Heap: 183.6M(1024.0M)->137.7M(1024.0M)]
 [Times: user=0.03 sys=0.07, real=0.12 secs] 
2017-06-04T20:50:46.686-0900: 4639.538: [GC pause (G1 Evacuation Pause) (young), 0.0331201 secs]
   [Parallel Time: 16.3 ms, GC Workers: 4]
      [GC Worker Start (ms): Min: 4639546.7, Avg: 4639546.8, Max: 4639546.9, Diff: 0.2]
      [Ext Root Scanning (ms): Min: 2.5, Avg: 4.3, Max: 8.1, Diff: 5.6, Sum: 17.1]
      [Update RS (ms): Min: 0.0, Avg: 2.3, Max: 3.5, Diff: 3.5, Sum: 9.1]
         [Processed Buffers: Min: 0, Avg: 4.2, Max: 14, Diff: 14, Sum: 17]
      [Scan RS (ms): Min: 0.0, Avg: 0.0, Max: 0.0, Diff: 0.0, Sum: 0.0]
      [Code Root Scanning (ms): Min: 0.0, Avg: 1.1, Max: 2.2, Diff: 2.2, Sum: 4.2]
      [Object Copy (ms): Min: 7.4, Avg: 8.2, Max: 9.9, Diff: 2.5, Sum: 32.7]
      [Termination (ms): Min: 0.0, Avg: 0.2, Max: 0.7, Diff: 0.7, Sum: 0.8]
         [Termination Attempts: Min: 1, Avg: 1.0, Max: 1, Diff: 0, Sum: 4]
      [GC Worker Other (ms): Min: 0.0, Avg: 0.1, Max: 0.1, Diff: 0.0, Sum: 0.2]
      [GC Worker Total (ms): Min: 15.9, Avg: 16.0, Max: 16.2, Diff: 0.2, Sum: 64.1]
      [GC Worker End (ms): Min: 4639562.8, Avg: 4639562.9, Max: 4639562.9, Diff: 0.0]
   [Code Root Fixup: 0.3 ms]
   [Code Root Purge: 0.0 ms]
   [Clear CT: 0.1 ms]
   [Other: 16.5 ms]
      [Choose CSet: 0.0 ms]
      [Ref Proc: 0.2 ms]
      [Ref Enq: 0.0 ms]
      [Redirty Cards: 0.1 ms]
      [Humongous Register: 3.0 ms]
      [Humongous Reclaim: 0.0 ms]
      [Free CSet: 7.4 ms]
   [Eden: 46.0M(46.0M)->0.0B(47.0M) Survivors: 5120.0K->4096.0K Heap: 183.7M(1024.0M)->136.9M(1024.0M)]
 [Times: user=0.02 sys=0.03, real=0.04 secs] 
2017-06-04T20:54:40.996-0900: 4873.840: [GC pause (G1 Evacuation Pause) (young), 0.0176713 secs]
   [Parallel Time: 12.8 ms, GC Workers: 4]
      [GC Worker Start (ms): Min: 4873839.6, Avg: 4873840.1, Max: 4873840.6, Diff: 1.0]
      [Ext Root Scanning (ms): Min: 0.0, Avg: 0.4, Max: 0.8, Diff: 0.7, Sum: 1.5]
      [Update RS (ms): Min: 3.7, Avg: 3.8, Max: 4.0, Diff: 0.3, Sum: 15.3]
         [Processed Buffers: Min: 1, Avg: 4.8, Max: 8, Diff: 7, Sum: 19]
      [Scan RS (ms): Min: 0.0, Avg: 0.0, Max: 0.0, Diff: 0.0, Sum: 0.1]
      [Code Root Scanning (ms): Min: 0.0, Avg: 0.6, Max: 1.7, Diff: 1.7, Sum: 2.4]
      [Object Copy (ms): Min: 5.5, Avg: 6.4, Max: 8.0, Diff: 2.5, Sum: 25.7]
      [Termination (ms): Min: 0.0, Avg: 0.9, Max: 1.8, Diff: 1.8, Sum: 3.6]
         [Termination Attempts: Min: 1, Avg: 1.0, Max: 1, Diff: 0, Sum: 4]
      [GC Worker Other (ms): Min: 0.0, Avg: 0.0, Max: 0.0, Diff: 0.0, Sum: 0.1]
      [GC Worker Total (ms): Min: 11.7, Avg: 12.2, Max: 12.7, Diff: 1.0, Sum: 48.8]
      [GC Worker End (ms): Min: 4873852.3, Avg: 4873852.3, Max: 4873852.3, Diff: 0.0]
   [Code Root Fixup: 0.3 ms]
   [Code Root Purge: 0.0 ms]
   [Clear CT: 0.1 ms]
   [Other: 4.4 ms]
      [Choose CSet: 0.0 ms]
      [Ref Proc: 3.9 ms]
      [Ref Enq: 0.0 ms]
      [Redirty Cards: 0.1 ms]
      [Humongous Register: 0.0 ms]
      [Humongous Reclaim: 0.0 ms]
      [Free CSet: 0.1 ms]
   [Eden: 47.0M(47.0M)->0.0B(47.0M) Survivors: 4096.0K->4096.0K Heap: 183.9M(1024.0M)->137.5M(1024.0M)]
 [Times: user=0.03 sys=0.01, real=0.02 secs] 
2017-06-04T20:58:37.426-0900: 5110.260: [GC pause (G1 Evacuation Pause) (young), 0.0564081 secs]
   [Parallel Time: 44.6 ms, GC Workers: 4]
      [GC Worker Start (ms): Min: 5110266.6, Avg: 5110266.7, Max: 5110266.8, Diff: 0.2]
      [Ext Root Scanning (ms): Min: 6.2, Avg: 6.9, Max: 7.8, Diff: 1.6, Sum: 27.4]
      [Update RS (ms): Min: 2.8, Avg: 12.3, Max: 20.6, Diff: 17.8, Sum: 49.1]
         [Processed Buffers: Min: 1, Avg: 6.5, Max: 22, Diff: 21, Sum: 26]
      [Scan RS (ms): Min: 0.0, Avg: 0.2, Max: 0.8, Diff: 0.8, Sum: 0.8]
      [Code Root Scanning (ms): Min: 0.0, Avg: 2.7, Max: 10.7, Diff: 10.7, Sum: 10.7]
      [Object Copy (ms): Min: 17.5, Avg: 20.9, Max: 22.3, Diff: 4.7, Sum: 83.8]
      [Termination (ms): Min: 0.0, Avg: 0.1, Max: 0.3, Diff: 0.3, Sum: 0.5]
         [Termination Attempts: Min: 2, Avg: 2.2, Max: 3, Diff: 1, Sum: 9]
      [GC Worker Other (ms): Min: 0.0, Avg: 1.3, Max: 2.8, Diff: 2.8, Sum: 5.1]
      [GC Worker Total (ms): Min: 44.3, Avg: 44.4, Max: 44.4, Diff: 0.2, Sum: 177.5]
      [GC Worker End (ms): Min: 5110311.1, Avg: 5110311.1, Max: 5110311.1, Diff: 0.0]
   [Code Root Fixup: 0.2 ms]
   [Code Root Purge: 0.0 ms]
   [Clear CT: 0.9 ms]
   [Other: 10.7 ms]
      [Choose CSet: 0.0 ms]
      [Ref Proc: 3.8 ms]
      [Ref Enq: 0.0 ms]
      [Redirty Cards: 0.1 ms]
      [Humongous Register: 6.0 ms]
      [Humongous Reclaim: 0.0 ms]
      [Free CSet: 0.2 ms]
   [Eden: 47.0M(47.0M)->0.0B(46.0M) Survivors: 4096.0K->5120.0K Heap: 184.5M(1024.0M)->139.1M(1024.0M)]
 [Times: user=0.02 sys=0.03, real=0.06 secs] 
2017-06-04T21:02:30.066-0900: 5342.892: [GC pause (G1 Evacuation Pause) (young), 0.0224430 secs]
   [Parallel Time: 21.4 ms, GC Workers: 4]
      [GC Worker Start (ms): Min: 5342892.3, Avg: 5342892.3, Max: 5342892.3, Diff: 0.0]
      [Ext Root Scanning (ms): Min: 0.5, Avg: 1.5, Max: 4.5, Diff: 4.1, Sum: 6.0]
      [Update RS (ms): Min: 0.0, Avg: 0.5, Max: 0.7, Diff: 0.7, Sum: 2.0]
         [Processed Buffers: Min: 0, Avg: 6.0, Max: 20, Diff: 20, Sum: 24]
      [Scan RS (ms): Min: 0.0, Avg: 0.0, Max: 0.0, Diff: 0.0, Sum: 0.0]
      [Code Root Scanning (ms): Min: 0.0, Avg: 0.8, Max: 3.1, Diff: 3.1, Sum: 3.1]
      [Object Copy (ms): Min: 15.5, Avg: 17.8, Max: 20.1, Diff: 4.7, Sum: 71.4]
      [Termination (ms): Min: 0.0, Avg: 0.7, Max: 1.3, Diff: 1.3, Sum: 2.7]
         [Termination Attempts: Min: 1, Avg: 1.5, Max: 2, Diff: 1, Sum: 6]
      [GC Worker Other (ms): Min: 0.0, Avg: 0.0, Max: 0.0, Diff: 0.0, Sum: 0.1]
      [GC Worker Total (ms): Min: 21.3, Avg: 21.3, Max: 21.3, Diff: 0.0, Sum: 85.2]
      [GC Worker End (ms): Min: 5342913.6, Avg: 5342913.6, Max: 5342913.6, Diff: 0.0]
   [Code Root Fixup: 0.2 ms]
   [Code Root Purge: 0.0 ms]
   [Clear CT: 0.1 ms]
   [Other: 0.7 ms]
      [Choose CSet: 0.0 ms]
      [Ref Proc: 0.3 ms]
      [Ref Enq: 0.0 ms]
      [Redirty Cards: 0.1 ms]
      [Humongous Register: 0.0 ms]
      [Humongous Reclaim: 0.0 ms]
      [Free CSet: 0.1 ms]
   [Eden: 46.0M(46.0M)->0.0B(47.0M) Survivors: 5120.0K->4096.0K Heap: 185.1M(1024.0M)->138.4M(1024.0M)]
 [Times: user=0.02 sys=0.01, real=0.03 secs] 
2017-06-04T21:06:25.789-0900: 5578.605: [GC pause (G1 Evacuation Pause) (young), 0.0354718 secs]
   [Parallel Time: 26.5 ms, GC Workers: 4]
      [GC Worker Start (ms): Min: 5578606.0, Avg: 5578606.0, Max: 5578606.1, Diff: 0.1]
      [Ext Root Scanning (ms): Min: 5.6, Avg: 9.5, Max: 13.9, Diff: 8.3, Sum: 38.0]
      [Update RS (ms): Min: 0.5, Avg: 6.3, Max: 12.3, Diff: 11.8, Sum: 25.2]
         [Processed Buffers: Min: 1, Avg: 6.2, Max: 22, Diff: 21, Sum: 25]
      [Scan RS (ms): Min: 0.0, Avg: 0.0, Max: 0.0, Diff: 0.0, Sum: 0.1]
      [Code Root Scanning (ms): Min: 0.0, Avg: 3.0, Max: 7.8, Diff: 7.8, Sum: 11.8]
      [Object Copy (ms): Min: 4.6, Avg: 6.6, Max: 9.2, Diff: 4.7, Sum: 26.5]
      [Termination (ms): Min: 0.0, Avg: 0.1, Max: 0.2, Diff: 0.2, Sum: 0.3]
         [Termination Attempts: Min: 1, Avg: 1.0, Max: 1, Diff: 0, Sum: 4]
      [GC Worker Other (ms): Min: 0.0, Avg: 0.9, Max: 3.7, Diff: 3.6, Sum: 3.8]
      [GC Worker Total (ms): Min: 26.4, Avg: 26.4, Max: 26.4, Diff: 0.1, Sum: 105.6]
      [GC Worker End (ms): Min: 5578632.4, Avg: 5578632.4, Max: 5578632.4, Diff: 0.0]
   [Code Root Fixup: 0.1 ms]
   [Code Root Purge: 0.0 ms]
   [Clear CT: 0.1 ms]
   [Other: 8.7 ms]
      [Choose CSet: 0.0 ms]
      [Ref Proc: 4.1 ms]
      [Ref Enq: 0.0 ms]
      [Redirty Cards: 0.1 ms]
      [Humongous Register: 0.3 ms]
      [Humongous Reclaim: 0.0 ms]
      [Free CSet: 0.1 ms]
   [Eden: 47.0M(47.0M)->0.0B(48.0M) Survivors: 4096.0K->3072.0K Heap: 185.4M(1024.0M)->138.0M(1024.0M)]
 [Times: user=0.02 sys=0.02, real=0.04 secs] 
2017-06-04T21:10:27.395-0900: 5820.202: [GC pause (G1 Evacuation Pause) (young), 0.0168188 secs]
   [Parallel Time: 15.1 ms, GC Workers: 4]
      [GC Worker Start (ms): Min: 5820202.6, Avg: 5820202.6, Max: 5820202.6, Diff: 0.0]
      [Ext Root Scanning (ms): Min: 4.3, Avg: 4.4, Max: 4.4, Diff: 0.1, Sum: 17.5]
      [Update RS (ms): Min: 0.4, Avg: 0.6, Max: 0.9, Diff: 0.4, Sum: 2.3]
         [Processed Buffers: Min: 1, Avg: 6.8, Max: 16, Diff: 15, Sum: 27]
      [Scan RS (ms): Min: 0.0, Avg: 0.0, Max: 0.0, Diff: 0.0, Sum: 0.0]
      [Code Root Scanning (ms): Min: 0.0, Avg: 1.6, Max: 3.5, Diff: 3.5, Sum: 6.5]
      [Object Copy (ms): Min: 6.6, Avg: 7.7, Max: 9.7, Diff: 3.1, Sum: 30.7]
      [Termination (ms): Min: 0.0, Avg: 0.7, Max: 2.7, Diff: 2.7, Sum: 2.9]
         [Termination Attempts: Min: 1, Avg: 1.0, Max: 1, Diff: 0, Sum: 4]
      [GC Worker Other (ms): Min: 0.0, Avg: 0.0, Max: 0.0, Diff: 0.0, Sum: 0.1]
      [GC Worker Total (ms): Min: 15.0, Avg: 15.0, Max: 15.0, Diff: 0.0, Sum: 60.0]
      [GC Worker End (ms): Min: 5820217.6, Avg: 5820217.6, Max: 5820217.6, Diff: 0.0]
   [Code Root Fixup: 0.1 ms]
   [Code Root Purge: 0.0 ms]
   [Clear CT: 0.1 ms]
   [Other: 1.5 ms]
      [Choose CSet: 0.0 ms]
      [Ref Proc: 1.2 ms]
      [Ref Enq: 0.0 ms]
      [Redirty Cards: 0.1 ms]
      [Humongous Register: 0.0 ms]
      [Humongous Reclaim: 0.0 ms]
      [Free CSet: 0.0 ms]
   [Eden: 48.0M(48.0M)->0.0B(47.0M) Survivors: 3072.0K->4096.0K Heap: 186.0M(1024.0M)->138.4M(1024.0M)]
 [Times: user=0.01 sys=0.01, real=0.02 secs] 
2017-06-04T21:14:23.695-0900: 6056.495: [GC pause (G1 Evacuation Pause) (young), 0.0236468 secs]
   [Parallel Time: 15.3 ms, GC Workers: 4]
      [GC Worker Start (ms): Min: 6056494.7, Avg: 6056494.7, Max: 6056494.7, Diff: 0.1]
      [Ext Root Scanning (ms): Min: 0.7, Avg: 1.4, Max: 3.3, Diff: 2.5, Sum: 5.5]
      [Update RS (ms): Min: 0.0, Avg: 0.8, Max: 1.1, Diff: 1.1, Sum: 3.1]
         [Processed Buffers: Min: 0, Avg: 7.5, Max: 18, Diff: 18, Sum: 30]
      [Scan RS (ms): Min: 0.0, Avg: 0.0, Max: 0.0, Diff: 0.0, Sum: 0.1]
      [Code Root Scanning (ms): Min: 0.0, Avg: 0.0, Max: 0.1, Diff: 0.1, Sum: 0.1]
      [Object Copy (ms): Min: 8.2, Avg: 11.1, Max: 13.3, Diff: 5.1, Sum: 44.3]
      [Termination (ms): Min: 0.0, Avg: 1.9, Max: 3.7, Diff: 3.7, Sum: 7.5]
         [Termination Attempts: Min: 1, Avg: 1.8, Max: 3, Diff: 2, Sum: 7]
      [GC Worker Other (ms): Min: 0.0, Avg: 0.0, Max: 0.0, Diff: 0.0, Sum: 0.1]
      [GC Worker Total (ms): Min: 15.1, Avg: 15.2, Max: 15.2, Diff: 0.1, Sum: 60.6]
      [GC Worker End (ms): Min: 6056509.9, Avg: 6056509.9, Max: 6056509.9, Diff: 0.0]
   [Code Root Fixup: 0.1 ms]
   [Code Root Purge: 0.0 ms]
   [Clear CT: 0.1 ms]
   [Other: 8.2 ms]
      [Choose CSet: 0.0 ms]
      [Ref Proc: 7.7 ms]
      [Ref Enq: 0.0 ms]
      [Redirty Cards: 0.2 ms]
      [Humongous Register: 0.0 ms]
      [Humongous Reclaim: 0.0 ms]
      [Free CSet: 0.0 ms]
   [Eden: 47.0M(47.0M)->0.0B(46.0M) Survivors: 4096.0K->5120.0K Heap: 185.4M(1024.0M)->140.0M(1024.0M)]
 [Times: user=0.03 sys=0.01, real=0.03 secs] 
2017-06-04T21:18:16.789-0900: 6289.579: [GC pause (G1 Evacuation Pause) (young), 0.0044522 secs]
   [Parallel Time: 3.8 ms, GC Workers: 4]
      [GC Worker Start (ms): Min: 6289579.5, Avg: 6289579.6, Max: 6289579.7, Diff: 0.2]
      [Ext Root Scanning (ms): Min: 0.4, Avg: 0.5, Max: 0.6, Diff: 0.2, Sum: 2.0]
      [Update RS (ms): Min: 0.2, Avg: 0.2, Max: 0.3, Diff: 0.1, Sum: 0.8]
         [Processed Buffers: Min: 3, Avg: 7.8, Max: 12, Diff: 9, Sum: 31]
      [Scan RS (ms): Min: 0.0, Avg: 0.0, Max: 0.0, Diff: 0.0, Sum: 0.0]
      [Code Root Scanning (ms): Min: 0.0, Avg: 0.0, Max: 0.0, Diff: 0.0, Sum: 0.0]
      [Object Copy (ms): Min: 2.4, Avg: 2.7, Max: 2.9, Diff: 0.6, Sum: 10.6]
      [Termination (ms): Min: 0.0, Avg: 0.3, Max: 0.6, Diff: 0.6, Sum: 1.2]
         [Termination Attempts: Min: 1, Avg: 1.0, Max: 1, Diff: 0, Sum: 4]
      [GC Worker Other (ms): Min: 0.0, Avg: 0.0, Max: 0.0, Diff: 0.0, Sum: 0.1]
      [GC Worker Total (ms): Min: 3.6, Avg: 3.7, Max: 3.8, Diff: 0.2, Sum: 14.8]
      [GC Worker End (ms): Min: 6289583.3, Avg: 6289583.3, Max: 6289583.3, Diff: 0.0]
   [Code Root Fixup: 0.1 ms]
   [Code Root Purge: 0.0 ms]
   [Clear CT: 0.1 ms]
   [Other: 0.5 ms]
      [Choose CSet: 0.0 ms]
      [Ref Proc: 0.1 ms]
      [Ref Enq: 0.0 ms]
      [Redirty Cards: 0.1 ms]
      [Humongous Register: 0.0 ms]
      [Humongous Reclaim: 0.0 ms]
      [Free CSet: 0.0 ms]
   [Eden: 46.0M(46.0M)->0.0B(48.0M) Survivors: 5120.0K->3072.0K Heap: 186.0M(1024.0M)->137.8M(1024.0M)]
 [Times: user=0.01 sys=0.00, real=0.01 secs] 
2017-06-04T21:22:18.072-0900: 6530.853: [GC pause (G1 Evacuation Pause) (young), 0.0367788 secs]
   [Parallel Time: 30.4 ms, GC Workers: 4]
      [GC Worker Start (ms): Min: 6530859.0, Avg: 6530859.1, Max: 6530859.2, Diff: 0.2]
      [Ext Root Scanning (ms): Min: 2.9, Avg: 4.7, Max: 8.6, Diff: 5.7, Sum: 18.7]
      [Update RS (ms): Min: 0.0, Avg: 0.5, Max: 1.1, Diff: 1.1, Sum: 1.8]
         [Processed Buffers: Min: 0, Avg: 7.8, Max: 17, Diff: 17, Sum: 31]
      [Scan RS (ms): Min: 0.0, Avg: 0.0, Max: 0.0, Diff: 0.0, Sum: 0.0]
      [Code Root Scanning (ms): Min: 0.0, Avg: 0.0, Max: 0.0, Diff: 0.0, Sum: 0.0]
      [Object Copy (ms): Min: 21.4, Avg: 24.7, Max: 26.0, Diff: 4.6, Sum: 98.6]
      [Termination (ms): Min: 0.0, Avg: 0.3, Max: 0.4, Diff: 0.4, Sum: 1.1]
         [Termination Attempts: Min: 1, Avg: 1.5, Max: 3, Diff: 2, Sum: 6]
      [GC Worker Other (ms): Min: 0.0, Avg: 0.1, Max: 0.2, Diff: 0.2, Sum: 0.4]
      [GC Worker Total (ms): Min: 30.1, Avg: 30.2, Max: 30.3, Diff: 0.2, Sum: 120.8]
      [GC Worker End (ms): Min: 6530889.3, Avg: 6530889.3, Max: 6530889.3, Diff: 0.0]
   [Code Root Fixup: 0.1 ms]
   [Code Root Purge: 0.0 ms]
   [Clear CT: 0.1 ms]
   [Other: 6.2 ms]
      [Choose CSet: 0.0 ms]
      [Ref Proc: 0.1 ms]
      [Ref Enq: 0.0 ms]
      [Redirty Cards: 0.1 ms]
      [Humongous Register: 2.6 ms]
      [Humongous Reclaim: 0.0 ms]
      [Free CSet: 0.2 ms]
   [Eden: 48.0M(48.0M)->0.0B(48.0M) Survivors: 3072.0K->3072.0K Heap: 185.8M(1024.0M)->137.6M(1024.0M)]
 [Times: user=0.01 sys=0.03, real=0.04 secs] 
2017-06-04T21:26:19.211-0900: 6771.983: [GC pause (G1 Evacuation Pause) (young), 0.0128626 secs]
   [Parallel Time: 11.3 ms, GC Workers: 4]
      [GC Worker Start (ms): Min: 6771983.4, Avg: 6771983.4, Max: 6771983.4, Diff: 0.0]
      [Ext Root Scanning (ms): Min: 0.7, Avg: 1.3, Max: 2.7, Diff: 2.0, Sum: 5.0]
      [Update RS (ms): Min: 0.0, Avg: 0.3, Max: 0.3, Diff: 0.3, Sum: 1.0]
         [Processed Buffers: Min: 0, Avg: 8.2, Max: 15, Diff: 15, Sum: 33]
      [Scan RS (ms): Min: 0.0, Avg: 0.0, Max: 0.0, Diff: 0.0, Sum: 0.0]
      [Code Root Scanning (ms): Min: 0.0, Avg: 0.0, Max: 0.0, Diff: 0.0, Sum: 0.0]
      [Object Copy (ms): Min: 6.3, Avg: 8.7, Max: 10.0, Diff: 3.7, Sum: 34.8]
      [Termination (ms): Min: 0.0, Avg: 1.0, Max: 3.8, Diff: 3.8, Sum: 4.0]
         [Termination Attempts: Min: 1, Avg: 1.0, Max: 1, Diff: 0, Sum: 4]
      [GC Worker Other (ms): Min: 0.0, Avg: 0.0, Max: 0.0, Diff: 0.0, Sum: 0.1]
      [GC Worker Total (ms): Min: 11.2, Avg: 11.2, Max: 11.3, Diff: 0.1, Sum: 44.9]
      [GC Worker End (ms): Min: 6771994.6, Avg: 6771994.6, Max: 6771994.6, Diff: 0.0]
   [Code Root Fixup: 0.1 ms]
   [Code Root Purge: 0.0 ms]
   [Clear CT: 0.1 ms]
   [Other: 1.4 ms]
      [Choose CSet: 0.0 ms]
      [Ref Proc: 1.1 ms]
      [Ref Enq: 0.0 ms]
      [Redirty Cards: 0.0 ms]
      [Humongous Register: 0.0 ms]
      [Humongous Reclaim: 0.0 ms]
      [Free CSet: 0.0 ms]
   [Eden: 48.0M(48.0M)->0.0B(46.0M) Survivors: 3072.0K->5120.0K Heap: 185.6M(1024.0M)->139.9M(1024.0M)]
 [Times: user=0.01 sys=0.01, real=0.01 secs] 
2017-06-04T21:30:11.119-0900: 7003.882: [GC pause (G1 Evacuation Pause) (young), 0.0079120 secs]
   [Parallel Time: 7.1 ms, GC Workers: 4]
      [GC Worker Start (ms): Min: 7003882.5, Avg: 7003882.5, Max: 7003882.5, Diff: 0.1]
      [Ext Root Scanning (ms): Min: 3.9, Avg: 3.9, Max: 3.9, Diff: 0.1, Sum: 15.6]
      [Update RS (ms): Min: 0.1, Avg: 0.2, Max: 0.3, Diff: 0.1, Sum: 0.8]
         [Processed Buffers: Min: 3, Avg: 7.8, Max: 12, Diff: 9, Sum: 31]
      [Scan RS (ms): Min: 0.0, Avg: 0.0, Max: 0.0, Diff: 0.0, Sum: 0.0]
      [Code Root Scanning (ms): Min: 0.0, Avg: 0.0, Max: 0.0, Diff: 0.0, Sum: 0.1]
      [Object Copy (ms): Min: 2.7, Avg: 2.7, Max: 2.8, Diff: 0.1, Sum: 10.8]
      [Termination (ms): Min: 0.0, Avg: 0.0, Max: 0.0, Diff: 0.0, Sum: 0.0]
         [Termination Attempts: Min: 1, Avg: 1.0, Max: 1, Diff: 0, Sum: 4]
      [GC Worker Other (ms): Min: 0.0, Avg: 0.0, Max: 0.0, Diff: 0.0, Sum: 0.1]
      [GC Worker Total (ms): Min: 6.9, Avg: 6.9, Max: 6.9, Diff: 0.0, Sum: 27.5]
      [GC Worker End (ms): Min: 7003889.4, Avg: 7003889.4, Max: 7003889.4, Diff: 0.0]
   [Code Root Fixup: 0.1 ms]
   [Code Root Purge: 0.0 ms]
   [Clear CT: 0.2 ms]
   [Other: 0.6 ms]
      [Choose CSet: 0.0 ms]
      [Ref Proc: 0.2 ms]
      [Ref Enq: 0.0 ms]
      [Redirty Cards: 0.1 ms]
      [Humongous Register: 0.0 ms]
      [Humongous Reclaim: 0.0 ms]
      [Free CSet: 0.0 ms]
   [Eden: 46.0M(46.0M)->0.0B(48.0M) Survivors: 5120.0K->3072.0K Heap: 185.9M(1024.0M)->137.7M(1024.0M)]
 [Times: user=0.01 sys=0.00, real=0.01 secs] 
2017-06-04T21:34:03.562-0900: 7236.317: [GC pause (G1 Evacuation Pause) (young), 0.0181999 secs]
   [Parallel Time: 12.8 ms, GC Workers: 4]
      [GC Worker Start (ms): Min: 7236317.6, Avg: 7236317.6, Max: 7236317.6, Diff: 0.0]
      [Ext Root Scanning (ms): Min: 4.0, Avg: 5.2, Max: 8.9, Diff: 4.8, Sum: 21.0]
      [Update RS (ms): Min: 0.0, Avg: 0.2, Max: 0.3, Diff: 0.3, Sum: 0.8]
         [Processed Buffers: Min: 0, Avg: 8.2, Max: 12, Diff: 12, Sum: 33]
      [Scan RS (ms): Min: 0.0, Avg: 0.0, Max: 0.0, Diff: 0.0, Sum: 0.1]
      [Code Root Scanning (ms): Min: 0.0, Avg: 0.0, Max: 0.0, Diff: 0.0, Sum: 0.1]
      [Object Copy (ms): Min: 0.8, Avg: 6.4, Max: 8.4, Diff: 7.6, Sum: 25.7]
      [Termination (ms): Min: 0.0, Avg: 0.8, Max: 3.1, Diff: 3.1, Sum: 3.2]
         [Termination Attempts: Min: 1, Avg: 1.0, Max: 1, Diff: 0, Sum: 4]
      [GC Worker Other (ms): Min: 0.0, Avg: 0.0, Max: 0.0, Diff: 0.0, Sum: 0.1]
      [GC Worker Total (ms): Min: 12.7, Avg: 12.7, Max: 12.7, Diff: 0.1, Sum: 50.9]
      [GC Worker End (ms): Min: 7236330.3, Avg: 7236330.3, Max: 7236330.3, Diff: 0.0]
   [Code Root Fixup: 0.1 ms]
   [Code Root Purge: 0.0 ms]
   [Clear CT: 0.1 ms]
   [Other: 5.2 ms]
      [Choose CSet: 0.0 ms]
      [Ref Proc: 4.7 ms]
      [Ref Enq: 0.0 ms]
      [Redirty Cards: 0.1 ms]
      [Humongous Register: 0.0 ms]
      [Humongous Reclaim: 0.0 ms]
      [Free CSet: 0.0 ms]
   [Eden: 48.0M(48.0M)->0.0B(48.0M) Survivors: 3072.0K->3072.0K Heap: 185.7M(1024.0M)->137.7M(1024.0M)]
 [Times: user=0.01 sys=0.00, real=0.02 secs] 
2017-06-04T21:38:07.099-0900: 7479.845: [GC pause (G1 Evacuation Pause) (young), 0.0148739 secs]
   [Parallel Time: 7.4 ms, GC Workers: 4]
      [GC Worker Start (ms): Min: 7479844.8, Avg: 7479845.0, Max: 7479845.6, Diff: 0.8]
      [Ext Root Scanning (ms): Min: 0.1, Avg: 0.7, Max: 0.9, Diff: 0.7, Sum: 2.7]
      [Update RS (ms): Min: 0.2, Avg: 0.3, Max: 0.3, Diff: 0.1, Sum: 1.1]
         [Processed Buffers: Min: 4, Avg: 7.5, Max: 13, Diff: 9, Sum: 30]
      [Scan RS (ms): Min: 0.0, Avg: 0.0, Max: 0.0, Diff: 0.0, Sum: 0.1]
      [Code Root Scanning (ms): Min: 0.0, Avg: 1.2, Max: 4.7, Diff: 4.7, Sum: 4.8]
      [Object Copy (ms): Min: 1.3, Avg: 4.9, Max: 6.1, Diff: 4.8, Sum: 19.5]
      [Termination (ms): Min: 0.0, Avg: 0.1, Max: 0.1, Diff: 0.1, Sum: 0.2]
         [Termination Attempts: Min: 1, Avg: 1.0, Max: 1, Diff: 0, Sum: 4]
      [GC Worker Other (ms): Min: 0.0, Avg: 0.0, Max: 0.0, Diff: 0.0, Sum: 0.1]
      [GC Worker Total (ms): Min: 6.5, Avg: 7.1, Max: 7.3, Diff: 0.8, Sum: 28.4]
      [GC Worker End (ms): Min: 7479852.1, Avg: 7479852.1, Max: 7479852.1, Diff: 0.0]
   [Code Root Fixup: 0.1 ms]
   [Code Root Purge: 0.0 ms]
   [Clear CT: 0.1 ms]
   [Other: 7.3 ms]
      [Choose CSet: 0.0 ms]
      [Ref Proc: 6.7 ms]
      [Ref Enq: 0.0 ms]
      [Redirty Cards: 0.1 ms]
      [Humongous Register: 0.1 ms]
      [Humongous Reclaim: 0.0 ms]
      [Free CSet: 0.0 ms]
   [Eden: 48.0M(48.0M)->0.0B(129.0M) Survivors: 3072.0K->5120.0K Heap: 185.7M(1024.0M)->139.9M(1024.0M)]
 [Times: user=0.02 sys=0.01, real=0.02 secs] 
2017-06-04T21:48:56.369-0900: 8129.090: [GC pause (G1 Evacuation Pause) (young), 0.0047262 secs]
   [Parallel Time: 3.8 ms, GC Workers: 4]
      [GC Worker Start (ms): Min: 8129090.3, Avg: 8129090.3, Max: 8129090.3, Diff: 0.0]
      [Ext Root Scanning (ms): Min: 0.0, Avg: 0.4, Max: 0.6, Diff: 0.6, Sum: 1.6]
      [Update RS (ms): Min: 0.0, Avg: 0.2, Max: 0.2, Diff: 0.2, Sum: 0.6]
         [Processed Buffers: Min: 0, Avg: 8.2, Max: 16, Diff: 16, Sum: 33]
      [Scan RS (ms): Min: 0.0, Avg: 0.0, Max: 0.0, Diff: 0.0, Sum: 0.1]
      [Code Root Scanning (ms): Min: 0.0, Avg: 0.0, Max: 0.0, Diff: 0.0, Sum: 0.0]
      [Object Copy (ms): Min: 1.1, Avg: 2.4, Max: 2.8, Diff: 1.8, Sum: 9.5]
      [Termination (ms): Min: 0.0, Avg: 0.1, Max: 0.1, Diff: 0.1, Sum: 0.3]
         [Termination Attempts: Min: 1, Avg: 1.0, Max: 1, Diff: 0, Sum: 4]
      [GC Worker Other (ms): Min: 0.0, Avg: 0.6, Max: 2.5, Diff: 2.5, Sum: 2.5]
      [GC Worker Total (ms): Min: 3.7, Avg: 3.7, Max: 3.7, Diff: 0.0, Sum: 14.7]
      [GC Worker End (ms): Min: 8129094.0, Avg: 8129094.0, Max: 8129094.0, Diff: 0.0]
   [Code Root Fixup: 0.0 ms]
   [Code Root Purge: 0.0 ms]
   [Clear CT: 0.1 ms]
   [Other: 0.8 ms]
      [Choose CSet: 0.0 ms]
      [Ref Proc: 0.2 ms]
      [Ref Enq: 0.0 ms]
      [Redirty Cards: 0.1 ms]
      [Humongous Register: 0.0 ms]
      [Humongous Reclaim: 0.0 ms]
      [Free CSet: 0.2 ms]
   [Eden: 129.0M(129.0M)->0.0B(611.0M) Survivors: 5120.0K->3072.0K Heap: 268.9M(1024.0M)->137.7M(1024.0M)]
 [Times: user=0.01 sys=0.00, real=0.01 secs] 
2017-06-04T22:40:22.566-0900: 11215.172: [GC pause (G1 Evacuation Pause) (young), 0.3315790 secs]
   [Parallel Time: 269.4 ms, GC Workers: 4]
      [GC Worker Start (ms): Min: 11215219.9, Avg: 11215220.0, Max: 11215220.1, Diff: 0.2]
      [Ext Root Scanning (ms): Min: 19.2, Avg: 26.7, Max: 39.3, Diff: 20.0, Sum: 106.8]
      [Update RS (ms): Min: 0.0, Avg: 4.1, Max: 8.0, Diff: 8.0, Sum: 16.6]
         [Processed Buffers: Min: 0, Avg: 8.2, Max: 16, Diff: 16, Sum: 33]
      [Scan RS (ms): Min: 0.1, Avg: 0.2, Max: 0.3, Diff: 0.2, Sum: 0.7]
      [Code Root Scanning (ms): Min: 0.0, Avg: 0.0, Max: 0.1, Diff: 0.1, Sum: 0.1]
      [Object Copy (ms): Min: 71.0, Avg: 121.7, Max: 222.1, Diff: 151.0, Sum: 486.8]
      [Termination (ms): Min: 7.8, Avg: 113.6, Max: 167.3, Diff: 159.5, Sum: 454.4]
         [Termination Attempts: Min: 13, Avg: 90.0, Max: 128, Diff: 115, Sum: 360]
      [GC Worker Other (ms): Min: 0.0, Avg: 2.8, Max: 7.0, Diff: 6.9, Sum: 11.2]
      [GC Worker Total (ms): Min: 269.1, Avg: 269.2, Max: 269.2, Diff: 0.1, Sum: 1076.7]
      [GC Worker End (ms): Min: 11215489.2, Avg: 11215489.2, Max: 11215489.2, Diff: 0.0]
   [Code Root Fixup: 0.0 ms]
   [Code Root Purge: 0.0 ms]
   [Clear CT: 0.9 ms]
   [Other: 61.3 ms]
      [Choose CSet: 0.0 ms]
      [Ref Proc: 9.2 ms]
      [Ref Enq: 0.0 ms]
      [Redirty Cards: 0.1 ms]
      [Humongous Register: 19.4 ms]
      [Humongous Reclaim: 0.0 ms]
      [Free CSet: 3.7 ms]
   [Eden: 611.0M(611.0M)->0.0B(48.0M) Survivors: 3072.0K->3072.0K Heap: 748.7M(1024.0M)->137.7M(1024.0M)]
 [Times: user=0.31 sys=0.18, real=0.34 secs] 
2017-06-04T22:44:25.165-0900: 11457.762: [GC pause (G1 Evacuation Pause) (young), 0.0230298 secs]
   [Parallel Time: 17.8 ms, GC Workers: 4]
      [GC Worker Start (ms): Min: 11457762.5, Avg: 11457762.5, Max: 11457762.5, Diff: 0.0]
      [Ext Root Scanning (ms): Min: 3.9, Avg: 4.3, Max: 4.6, Diff: 0.7, Sum: 17.0]
      [Update RS (ms): Min: 0.0, Avg: 0.2, Max: 0.6, Diff: 0.6, Sum: 0.7]
         [Processed Buffers: Min: 0, Avg: 8.2, Max: 25, Diff: 25, Sum: 33]
      [Scan RS (ms): Min: 0.0, Avg: 0.0, Max: 0.0, Diff: 0.0, Sum: 0.1]
      [Code Root Scanning (ms): Min: 0.0, Avg: 0.0, Max: 0.0, Diff: 0.0, Sum: 0.0]
      [Object Copy (ms): Min: 11.7, Avg: 12.5, Max: 13.1, Diff: 1.4, Sum: 49.9]
      [Termination (ms): Min: 0.0, Avg: 0.8, Max: 1.4, Diff: 1.4, Sum: 3.4]
         [Termination Attempts: Min: 1, Avg: 1.2, Max: 2, Diff: 1, Sum: 5]
      [GC Worker Other (ms): Min: 0.0, Avg: 0.0, Max: 0.0, Diff: 0.0, Sum: 0.1]
      [GC Worker Total (ms): Min: 17.8, Avg: 17.8, Max: 17.8, Diff: 0.0, Sum: 71.1]
      [GC Worker End (ms): Min: 11457780.3, Avg: 11457780.3, Max: 11457780.3, Diff: 0.0]
   [Code Root Fixup: 0.0 ms]
   [Code Root Purge: 0.0 ms]
   [Clear CT: 0.1 ms]
   [Other: 5.0 ms]
      [Choose CSet: 0.0 ms]
      [Ref Proc: 0.8 ms]
      [Ref Enq: 0.0 ms]
      [Redirty Cards: 0.1 ms]
      [Humongous Register: 0.0 ms]
      [Humongous Reclaim: 0.0 ms]
      [Free CSet: 0.1 ms]
   [Eden: 48.0M(48.0M)->0.0B(46.0M) Survivors: 3072.0K->5120.0K Heap: 185.7M(1024.0M)->139.6M(1024.0M)]
 [Times: user=0.02 sys=0.02, real=0.03 secs] 
2017-06-04T22:48:18.033-0900: 11690.622: [GC pause (G1 Evacuation Pause) (young), 0.0080465 secs]
   [Parallel Time: 6.5 ms, GC Workers: 4]
      [GC Worker Start (ms): Min: 11690621.7, Avg: 11690621.7, Max: 11690621.7, Diff: 0.0]
      [Ext Root Scanning (ms): Min: 0.6, Avg: 1.1, Max: 2.7, Diff: 2.1, Sum: 4.5]
      [Update RS (ms): Min: 0.0, Avg: 0.2, Max: 0.3, Diff: 0.3, Sum: 0.7]
         [Processed Buffers: Min: 0, Avg: 7.8, Max: 15, Diff: 15, Sum: 31]
      [Scan RS (ms): Min: 0.0, Avg: 0.0, Max: 0.0, Diff: 0.0, Sum: 0.0]
      [Code Root Scanning (ms): Min: 0.0, Avg: 0.0, Max: 0.0, Diff: 0.0, Sum: 0.0]
      [Object Copy (ms): Min: 0.9, Avg: 3.0, Max: 5.5, Diff: 4.7, Sum: 11.9]
      [Termination (ms): Min: 0.0, Avg: 2.1, Max: 2.9, Diff: 2.9, Sum: 8.6]
         [Termination Attempts: Min: 1, Avg: 1.0, Max: 1, Diff: 0, Sum: 4]
      [GC Worker Other (ms): Min: 0.0, Avg: 0.0, Max: 0.0, Diff: 0.0, Sum: 0.1]
      [GC Worker Total (ms): Min: 6.4, Avg: 6.5, Max: 6.5, Diff: 0.0, Sum: 25.8]
      [GC Worker End (ms): Min: 11690628.2, Avg: 11690628.2, Max: 11690628.2, Diff: 0.0]
   [Code Root Fixup: 0.0 ms]
   [Code Root Purge: 0.0 ms]
   [Clear CT: 0.1 ms]
   [Other: 1.4 ms]
      [Choose CSet: 0.0 ms]
      [Ref Proc: 1.0 ms]
      [Ref Enq: 0.0 ms]
      [Redirty Cards: 0.1 ms]
      [Humongous Register: 0.1 ms]
      [Humongous Reclaim: 0.0 ms]
      [Free CSet: 0.0 ms]
   [Eden: 46.0M(46.0M)->0.0B(48.0M) Survivors: 5120.0K->3072.0K Heap: 185.6M(1024.0M)->137.7M(1024.0M)]
 [Times: user=0.02 sys=0.00, real=0.01 secs] 
2017-06-04T22:52:20.097-0900: 11932.676: [GC pause (G1 Evacuation Pause) (young), 0.0356130 secs]
   [Parallel Time: 34.9 ms, GC Workers: 4]
      [GC Worker Start (ms): Min: 11932676.2, Avg: 11932676.2, Max: 11932676.2, Diff: 0.1]
      [Ext Root Scanning (ms): Min: 0.7, Avg: 1.6, Max: 4.5, Diff: 3.8, Sum: 6.6]
      [Update RS (ms): Min: 0.0, Avg: 2.3, Max: 3.2, Diff: 3.2, Sum: 9.3]
         [Processed Buffers: Min: 0, Avg: 8.2, Max: 14, Diff: 14, Sum: 33]
      [Scan RS (ms): Min: 0.0, Avg: 0.0, Max: 0.0, Diff: 0.0, Sum: 0.1]
      [Code Root Scanning (ms): Min: 0.0, Avg: 0.0, Max: 0.0, Diff: 0.0, Sum: 0.0]
      [Object Copy (ms): Min: 21.5, Avg: 27.5, Max: 30.8, Diff: 9.3, Sum: 109.8]
      [Termination (ms): Min: 0.1, Avg: 3.4, Max: 8.9, Diff: 8.7, Sum: 13.6]
         [Termination Attempts: Min: 2, Avg: 2.5, Max: 3, Diff: 1, Sum: 10]
      [GC Worker Other (ms): Min: 0.0, Avg: 0.0, Max: 0.0, Diff: 0.0, Sum: 0.1]
      [GC Worker Total (ms): Min: 34.8, Avg: 34.8, Max: 34.9, Diff: 0.1, Sum: 139.3]
      [GC Worker End (ms): Min: 11932711.0, Avg: 11932711.0, Max: 11932711.0, Diff: 0.0]
   [Code Root Fixup: 0.1 ms]
   [Code Root Purge: 0.0 ms]
   [Clear CT: 0.1 ms]
   [Other: 0.5 ms]
      [Choose CSet: 0.0 ms]
      [Ref Proc: 0.1 ms]
      [Ref Enq: 0.0 ms]
      [Redirty Cards: 0.1 ms]
      [Humongous Register: 0.0 ms]
      [Humongous Reclaim: 0.0 ms]
      [Free CSet: 0.0 ms]
   [Eden: 48.0M(48.0M)->0.0B(48.0M) Survivors: 3072.0K->3072.0K Heap: 185.7M(1024.0M)->137.7M(1024.0M)]
 [Times: user=0.02 sys=0.01, real=0.04 secs] 
2017-06-04T22:56:21.268-0900: 12173.839: [GC pause (G1 Evacuation Pause) (young), 0.0098949 secs]
   [Parallel Time: 8.4 ms, GC Workers: 4]
      [GC Worker Start (ms): Min: 12173839.1, Avg: 12173839.2, Max: 12173839.4, Diff: 0.3]
      [Ext Root Scanning (ms): Min: 0.2, Avg: 0.4, Max: 0.5, Diff: 0.3, Sum: 1.8]
      [Update RS (ms): Min: 0.1, Avg: 0.2, Max: 0.2, Diff: 0.1, Sum: 0.8]
         [Processed Buffers: Min: 3, Avg: 8.2, Max: 15, Diff: 12, Sum: 33]
      [Scan RS (ms): Min: 0.0, Avg: 0.0, Max: 0.0, Diff: 0.0, Sum: 0.0]
      [Code Root Scanning (ms): Min: 0.0, Avg: 0.0, Max: 0.0, Diff: 0.0, Sum: 0.0]
      [Object Copy (ms): Min: 7.3, Avg: 7.4, Max: 7.6, Diff: 0.3, Sum: 29.7]
      [Termination (ms): Min: 0.0, Avg: 0.2, Max: 0.3, Diff: 0.3, Sum: 0.7]
         [Termination Attempts: Min: 1, Avg: 1.5, Max: 3, Diff: 2, Sum: 6]
      [GC Worker Other (ms): Min: 0.0, Avg: 0.0, Max: 0.0, Diff: 0.0, Sum: 0.1]
      [GC Worker Total (ms): Min: 8.1, Avg: 8.3, Max: 8.4, Diff: 0.3, Sum: 33.1]
      [GC Worker End (ms): Min: 12173847.4, Avg: 12173847.4, Max: 12173847.4, Diff: 0.0]
   [Code Root Fixup: 0.0 ms]
   [Code Root Purge: 0.0 ms]
   [Clear CT: 0.1 ms]
   [Other: 1.3 ms]
      [Choose CSet: 0.0 ms]
      [Ref Proc: 0.9 ms]
      [Ref Enq: 0.0 ms]
      [Redirty Cards: 0.1 ms]
      [Humongous Register: 0.0 ms]
      [Humongous Reclaim: 0.0 ms]
      [Free CSet: 0.0 ms]
   [Eden: 48.0M(48.0M)->0.0B(47.0M) Survivors: 3072.0K->4096.0K Heap: 185.7M(1024.0M)->138.6M(1024.0M)]
 [Times: user=0.02 sys=0.01, real=0.02 secs] 
2017-06-04T23:00:18.591-0900: 12411.153: [GC pause (G1 Evacuation Pause) (young), 0.0065229 secs]
   [Parallel Time: 5.1 ms, GC Workers: 4]
      [GC Worker Start (ms): Min: 12411152.7, Avg: 12411152.8, Max: 12411152.9, Diff: 0.2]
      [Ext Root Scanning (ms): Min: 0.4, Avg: 1.7, Max: 4.9, Diff: 4.5, Sum: 6.7]
      [Update RS (ms): Min: 0.0, Avg: 0.2, Max: 0.2, Diff: 0.2, Sum: 0.7]
         [Processed Buffers: Min: 0, Avg: 8.0, Max: 16, Diff: 16, Sum: 32]
      [Scan RS (ms): Min: 0.0, Avg: 0.0, Max: 0.0, Diff: 0.0, Sum: 0.0]
      [Code Root Scanning (ms): Min: 0.0, Avg: 0.0, Max: 0.0, Diff: 0.0, Sum: 0.0]
      [Object Copy (ms): Min: 0.0, Avg: 2.0, Max: 3.0, Diff: 3.0, Sum: 8.1]
      [Termination (ms): Min: 0.0, Avg: 1.0, Max: 1.6, Diff: 1.6, Sum: 4.1]
         [Termination Attempts: Min: 1, Avg: 1.5, Max: 2, Diff: 1, Sum: 6]
      [GC Worker Other (ms): Min: 0.0, Avg: 0.0, Max: 0.0, Diff: 0.0, Sum: 0.1]
      [GC Worker Total (ms): Min: 4.8, Avg: 4.9, Max: 5.0, Diff: 0.2, Sum: 19.7]
      [GC Worker End (ms): Min: 12411157.7, Avg: 12411157.7, Max: 12411157.7, Diff: 0.0]
   [Code Root Fixup: 0.0 ms]
   [Code Root Purge: 0.0 ms]
   [Clear CT: 0.1 ms]
   [Other: 1.3 ms]
      [Choose CSet: 0.0 ms]
      [Ref Proc: 0.9 ms]
      [Ref Enq: 0.0 ms]
      [Redirty Cards: 0.1 ms]
      [Humongous Register: 0.0 ms]
      [Humongous Reclaim: 0.0 ms]
      [Free CSet: 0.0 ms]
   [Eden: 47.0M(47.0M)->0.0B(48.0M) Survivors: 4096.0K->3072.0K Heap: 185.6M(1024.0M)->138.2M(1024.0M)]
 [Times: user=0.01 sys=0.01, real=0.00 secs] 
2017-06-04T23:04:20.602-0900: 12653.155: [GC pause (G1 Evacuation Pause) (young), 0.1281306 secs]
   [Parallel Time: 51.0 ms, GC Workers: 4]
      [GC Worker Start (ms): Min: 12653229.6, Avg: 12653229.7, Max: 12653229.7, Diff: 0.2]
      [Ext Root Scanning (ms): Min: 4.7, Avg: 9.2, Max: 18.0, Diff: 13.2, Sum: 36.7]
      [Update RS (ms): Min: 0.0, Avg: 0.9, Max: 2.6, Diff: 2.6, Sum: 3.7]
         [Processed Buffers: Min: 0, Avg: 8.2, Max: 18, Diff: 18, Sum: 33]
      [Scan RS (ms): Min: 0.0, Avg: 0.0, Max: 0.0, Diff: 0.0, Sum: 0.0]
      [Code Root Scanning (ms): Min: 0.0, Avg: 0.0, Max: 0.0, Diff: 0.0, Sum: 0.0]
      [Object Copy (ms): Min: 29.3, Avg: 37.3, Max: 41.6, Diff: 12.4, Sum: 149.0]
      [Termination (ms): Min: 0.4, Avg: 2.5, Max: 3.6, Diff: 3.2, Sum: 9.9]
         [Termination Attempts: Min: 3, Avg: 10.5, Max: 18, Diff: 15, Sum: 42]
      [GC Worker Other (ms): Min: 0.0, Avg: 1.0, Max: 3.8, Diff: 3.7, Sum: 3.9]
      [GC Worker Total (ms): Min: 50.7, Avg: 50.8, Max: 50.9, Diff: 0.2, Sum: 203.2]
      [GC Worker End (ms): Min: 12653280.5, Avg: 12653280.5, Max: 12653280.5, Diff: 0.0]
   [Code Root Fixup: 0.1 ms]
   [Code Root Purge: 0.0 ms]
   [Clear CT: 0.1 ms]
   [Other: 77.0 ms]
      [Choose CSet: 0.0 ms]
      [Ref Proc: 0.3 ms]
      [Ref Enq: 0.0 ms]
      [Redirty Cards: 0.1 ms]
      [Humongous Register: 71.0 ms]
      [Humongous Reclaim: 0.0 ms]
      [Free CSet: 1.1 ms]
   [Eden: 48.0M(48.0M)->0.0B(48.0M) Survivors: 3072.0K->3072.0K Heap: 186.2M(1024.0M)->137.4M(1024.0M)]
 [Times: user=0.03 sys=0.05, real=0.13 secs] 
2017-06-04T23:08:23.870-0900: 12896.413: [GC pause (G1 Evacuation Pause) (young), 0.0291690 secs]
   [Parallel Time: 18.5 ms, GC Workers: 4]
      [GC Worker Start (ms): Min: 12896413.4, Avg: 12896413.4, Max: 12896413.6, Diff: 0.2]
      [Ext Root Scanning (ms): Min: 4.6, Avg: 5.3, Max: 7.3, Diff: 2.7, Sum: 21.2]
      [Update RS (ms): Min: 0.0, Avg: 0.2, Max: 0.5, Diff: 0.5, Sum: 0.9]
         [Processed Buffers: Min: 0, Avg: 7.8, Max: 23, Diff: 23, Sum: 31]
      [Scan RS (ms): Min: 0.0, Avg: 0.1, Max: 0.4, Diff: 0.4, Sum: 0.5]
      [Code Root Scanning (ms): Min: 0.0, Avg: 0.0, Max: 0.0, Diff: 0.0, Sum: 0.0]
      [Object Copy (ms): Min: 10.6, Avg: 12.7, Max: 13.7, Diff: 3.0, Sum: 50.7]
      [Termination (ms): Min: 0.0, Avg: 0.1, Max: 0.1, Diff: 0.1, Sum: 0.3]
         [Termination Attempts: Min: 1, Avg: 1.0, Max: 1, Diff: 0, Sum: 4]
      [GC Worker Other (ms): Min: 0.0, Avg: 0.0, Max: 0.0, Diff: 0.0, Sum: 0.1]
      [GC Worker Total (ms): Min: 18.2, Avg: 18.4, Max: 18.5, Diff: 0.2, Sum: 73.6]
      [GC Worker End (ms): Min: 12896431.8, Avg: 12896431.8, Max: 12896431.8, Diff: 0.0]
   [Code Root Fixup: 0.0 ms]
   [Code Root Purge: 0.0 ms]
   [Clear CT: 0.1 ms]
   [Other: 10.5 ms]
      [Choose CSet: 0.0 ms]
      [Ref Proc: 6.6 ms]
      [Ref Enq: 0.0 ms]
      [Redirty Cards: 0.1 ms]
      [Humongous Register: 0.1 ms]
      [Humongous Reclaim: 0.0 ms]
      [Free CSet: 3.5 ms]
   [Eden: 48.0M(48.0M)->0.0B(48.0M) Survivors: 3072.0K->3072.0K Heap: 185.4M(1024.0M)->138.3M(1024.0M)]
 [Times: user=0.02 sys=0.01, real=0.03 secs] 
2017-06-04T23:12:25.423-0900: 13137.957: [GC pause (G1 Evacuation Pause) (young), 0.0126225 secs]
   [Parallel Time: 8.2 ms, GC Workers: 4]
      [GC Worker Start (ms): Min: 13137957.0, Avg: 13137957.1, Max: 13137957.1, Diff: 0.1]
      [Ext Root Scanning (ms): Min: 4.3, Avg: 5.1, Max: 7.4, Diff: 3.1, Sum: 20.4]
      [Update RS (ms): Min: 0.0, Avg: 0.2, Max: 0.3, Diff: 0.3, Sum: 0.7]
         [Processed Buffers: Min: 0, Avg: 7.8, Max: 14, Diff: 14, Sum: 31]
      [Scan RS (ms): Min: 0.0, Avg: 0.0, Max: 0.0, Diff: 0.0, Sum: 0.0]
      [Code Root Scanning (ms): Min: 0.0, Avg: 0.0, Max: 0.0, Diff: 0.0, Sum: 0.0]
      [Object Copy (ms): Min: 0.6, Avg: 2.4, Max: 3.1, Diff: 2.4, Sum: 9.5]
      [Termination (ms): Min: 0.0, Avg: 0.4, Max: 0.6, Diff: 0.6, Sum: 1.5]
         [Termination Attempts: Min: 1, Avg: 1.0, Max: 1, Diff: 0, Sum: 4]
      [GC Worker Other (ms): Min: 0.0, Avg: 0.0, Max: 0.0, Diff: 0.0, Sum: 0.1]
      [GC Worker Total (ms): Min: 8.0, Avg: 8.1, Max: 8.1, Diff: 0.1, Sum: 32.3]
      [GC Worker End (ms): Min: 13137965.2, Avg: 13137965.2, Max: 13137965.2, Diff: 0.0]
   [Code Root Fixup: 0.1 ms]
   [Code Root Purge: 0.0 ms]
   [Clear CT: 0.1 ms]
   [Other: 4.3 ms]
      [Choose CSet: 0.0 ms]
      [Ref Proc: 3.9 ms]
      [Ref Enq: 0.0 ms]
      [Redirty Cards: 0.0 ms]
      [Humongous Register: 0.0 ms]
      [Humongous Reclaim: 0.0 ms]
      [Free CSet: 0.0 ms]
   [Eden: 48.0M(48.0M)->0.0B(48.0M) Survivors: 3072.0K->3072.0K Heap: 186.3M(1024.0M)->138.2M(1024.0M)]
 [Times: user=0.02 sys=0.00, real=0.01 secs] 
2017-06-04T23:16:27.717-0900: 13380.242: [GC pause (G1 Evacuation Pause) (young), 0.0265241 secs]
   [Parallel Time: 18.3 ms, GC Workers: 4]
      [GC Worker Start (ms): Min: 13380247.2, Avg: 13380248.2, Max: 13380250.9, Diff: 3.7]
      [Ext Root Scanning (ms): Min: 5.7, Avg: 8.1, Max: 11.6, Diff: 5.9, Sum: 32.3]
      [Update RS (ms): Min: 0.0, Avg: 0.5, Max: 0.7, Diff: 0.7, Sum: 2.2]
         [Processed Buffers: Min: 0, Avg: 7.8, Max: 12, Diff: 12, Sum: 31]
      [Scan RS (ms): Min: 0.0, Avg: 0.0, Max: 0.0, Diff: 0.0, Sum: 0.0]
      [Code Root Scanning (ms): Min: 0.0, Avg: 0.0, Max: 0.0, Diff: 0.0, Sum: 0.0]
      [Object Copy (ms): Min: 5.3, Avg: 6.5, Max: 7.1, Diff: 1.8, Sum: 26.1]
      [Termination (ms): Min: 0.9, Avg: 1.1, Max: 1.3, Diff: 0.5, Sum: 4.6]
         [Termination Attempts: Min: 69, Avg: 82.0, Max: 90, Diff: 21, Sum: 328]
      [GC Worker Other (ms): Min: 0.0, Avg: 0.9, Max: 3.6, Diff: 3.6, Sum: 3.8]
      [GC Worker Total (ms): Min: 14.5, Avg: 17.3, Max: 18.2, Diff: 3.7, Sum: 69.0]
      [GC Worker End (ms): Min: 13380265.4, Avg: 13380265.4, Max: 13380265.4, Diff: 0.0]
   [Code Root Fixup: 0.0 ms]
   [Code Root Purge: 0.0 ms]
   [Clear CT: 0.1 ms]
   [Other: 8.1 ms]
      [Choose CSet: 0.0 ms]
      [Ref Proc: 0.1 ms]
      [Ref Enq: 0.0 ms]
      [Redirty Cards: 0.1 ms]
      [Humongous Register: 2.0 ms]
      [Humongous Reclaim: 0.0 ms]
      [Free CSet: 2.7 ms]
   [Eden: 48.0M(48.0M)->0.0B(48.0M) Survivors: 3072.0K->3072.0K Heap: 186.2M(1024.0M)->137.5M(1024.0M)]
 [Times: user=0.02 sys=0.03, real=0.03 secs] 
2017-06-04T23:20:29.678-0900: 13622.195: [GC pause (G1 Evacuation Pause) (young), 0.0457780 secs]
   [Parallel Time: 34.1 ms, GC Workers: 4]
      [GC Worker Start (ms): Min: 13622197.3, Avg: 13622197.4, Max: 13622197.5, Diff: 0.2]
      [Ext Root Scanning (ms): Min: 4.2, Avg: 4.6, Max: 5.7, Diff: 1.6, Sum: 18.5]
      [Update RS (ms): Min: 0.0, Avg: 0.4, Max: 0.9, Diff: 0.9, Sum: 1.7]
         [Processed Buffers: Min: 0, Avg: 7.8, Max: 22, Diff: 22, Sum: 31]
      [Scan RS (ms): Min: 0.0, Avg: 0.0, Max: 0.0, Diff: 0.0, Sum: 0.0]
      [Code Root Scanning (ms): Min: 0.0, Avg: 0.0, Max: 0.0, Diff: 0.0, Sum: 0.0]
      [Object Copy (ms): Min: 26.2, Avg: 27.3, Max: 28.3, Diff: 2.1, Sum: 109.2]
      [Termination (ms): Min: 0.3, Avg: 1.4, Max: 2.0, Diff: 1.7, Sum: 5.7]
         [Termination Attempts: Min: 31, Avg: 62.5, Max: 92, Diff: 61, Sum: 250]
      [GC Worker Other (ms): Min: 0.0, Avg: 0.1, Max: 0.1, Diff: 0.1, Sum: 0.3]
      [GC Worker Total (ms): Min: 33.8, Avg: 33.9, Max: 34.0, Diff: 0.2, Sum: 135.5]
      [GC Worker End (ms): Min: 13622231.2, Avg: 13622231.2, Max: 13622231.2, Diff: 0.0]
   [Code Root Fixup: 0.0 ms]
   [Code Root Purge: 0.0 ms]
   [Clear CT: 0.1 ms]
   [Other: 11.6 ms]
      [Choose CSet: 0.0 ms]
      [Ref Proc: 8.3 ms]
      [Ref Enq: 0.0 ms]
      [Redirty Cards: 0.1 ms]
      [Humongous Register: 2.2 ms]
      [Humongous Reclaim: 0.0 ms]
      [Free CSet: 0.3 ms]
   [Eden: 48.0M(48.0M)->0.0B(46.0M) Survivors: 3072.0K->5120.0K Heap: 185.5M(1024.0M)->139.6M(1024.0M)]
 [Times: user=0.02 sys=0.04, real=0.05 secs] 
2017-06-04T23:24:21.995-0900: 13854.503: [GC pause (G1 Evacuation Pause) (young), 0.0133060 secs]
   [Parallel Time: 12.5 ms, GC Workers: 4]
      [GC Worker Start (ms): Min: 13854503.2, Avg: 13854503.3, Max: 13854503.3, Diff: 0.1]
      [Ext Root Scanning (ms): Min: 3.8, Avg: 5.6, Max: 7.6, Diff: 3.8, Sum: 22.6]
      [Update RS (ms): Min: 0.9, Avg: 1.0, Max: 1.1, Diff: 0.3, Sum: 4.1]
         [Processed Buffers: Min: 3, Avg: 8.0, Max: 13, Diff: 10, Sum: 32]
      [Scan RS (ms): Min: 0.0, Avg: 0.0, Max: 0.0, Diff: 0.0, Sum: 0.0]
      [Code Root Scanning (ms): Min: 0.0, Avg: 0.0, Max: 0.0, Diff: 0.0, Sum: 0.0]
      [Object Copy (ms): Min: 3.9, Avg: 5.7, Max: 7.5, Diff: 3.5, Sum: 22.7]
      [Termination (ms): Min: 0.0, Avg: 0.0, Max: 0.0, Diff: 0.0, Sum: 0.0]
         [Termination Attempts: Min: 1, Avg: 1.0, Max: 1, Diff: 0, Sum: 4]
      [GC Worker Other (ms): Min: 0.0, Avg: 0.0, Max: 0.0, Diff: 0.0, Sum: 0.1]
      [GC Worker Total (ms): Min: 12.4, Avg: 12.4, Max: 12.5, Diff: 0.1, Sum: 49.6]
      [GC Worker End (ms): Min: 13854515.7, Avg: 13854515.7, Max: 13854515.7, Diff: 0.0]
   [Code Root Fixup: 0.0 ms]
   [Code Root Purge: 0.0 ms]
   [Clear CT: 0.1 ms]
   [Other: 0.7 ms]
      [Choose CSet: 0.0 ms]
      [Ref Proc: 0.2 ms]
      [Ref Enq: 0.0 ms]
      [Redirty Cards: 0.0 ms]
      [Humongous Register: 0.2 ms]
      [Humongous Reclaim: 0.0 ms]
      [Free CSet: 0.1 ms]
   [Eden: 46.0M(46.0M)->0.0B(48.0M) Survivors: 5120.0K->3072.0K Heap: 185.6M(1024.0M)->137.8M(1024.0M)]
 [Times: user=0.01 sys=0.01, real=0.02 secs] 
