Java HotSpot(TM) 64-Bit Server VM (25.65-b01) for bsd-amd64 JRE (1.8.0_65-b17), built on Oct  6 2015 15:36:46 by "java_re" with gcc 4.2.1 (Based on Apple Inc. build 5658) (LLVM build 2336.11.00)
Memory: 4k page, physical 8388608k(812172k free)

/proc/meminfo:

CommandLine flags: -XX:+DisableExplicitGC -XX:InitialHeapSize=536870912 -XX:InitiatingHeapOccupancyPercent=35 -XX:+ManagementServer -XX:MaxGCPauseMillis=20 -XX:MaxHeapSize=536870912 -XX:+PrintGC -XX:+PrintGCDateStamps -XX:+PrintGCDetails -XX:+PrintGCTimeStamps -XX:+UseCompressedClassPointers -XX:+UseCompressedOops -XX:+UseG1GC 
2017-06-04T20:12:39.455-0900: 2412.516: [GC pause (G1 Evacuation Pause) (young), 0.2534131 secs]
   [Parallel Time: 198.1 ms, GC Workers: 4]
      [GC Worker Start (ms): Min: 2412543.7, Avg: 2412543.8, Max: 2412543.9, Diff: 0.2]
      [Ext Root Scanning (ms): Min: 49.6, Avg: 72.2, Max: 137.3, Diff: 87.7, Sum: 288.7]
      [Update RS (ms): Min: 0.0, Avg: 0.0, Max: 0.0, Diff: 0.0, Sum: 0.0]
         [Processed Buffers: Min: 0, Avg: 0.0, Max: 0, Diff: 0, Sum: 0]
      [Scan RS (ms): Min: 0.0, Avg: 0.0, Max: 0.0, Diff: 0.0, Sum: 0.1]
      [Code Root Scanning (ms): Min: 0.0, Avg: 18.2, Max: 39.2, Diff: 39.2, Sum: 72.9]
      [Object Copy (ms): Min: 59.5, Avg: 104.3, Max: 132.3, Diff: 72.8, Sum: 417.3]
      [Termination (ms): Min: 0.1, Avg: 3.1, Max: 10.0, Diff: 9.9, Sum: 12.4]
         [Termination Attempts: Min: 2, Avg: 4.2, Max: 8, Diff: 6, Sum: 17]
      [GC Worker Other (ms): Min: 0.0, Avg: 0.0, Max: 0.1, Diff: 0.0, Sum: 0.1]
      [GC Worker Total (ms): Min: 197.8, Avg: 197.9, Max: 198.0, Diff: 0.2, Sum: 791.4]
      [GC Worker End (ms): Min: 2412741.7, Avg: 2412741.7, Max: 2412741.7, Diff: 0.0]
   [Code Root Fixup: 0.4 ms]
   [Code Root Purge: 1.1 ms]
   [Clear CT: 0.1 ms]
   [Other: 53.9 ms]
      [Choose CSet: 0.0 ms]
      [Ref Proc: 8.1 ms]
      [Ref Enq: 0.0 ms]
      [Redirty Cards: 0.1 ms]
      [Humongous Register: 21.6 ms]
      [Humongous Reclaim: 0.0 ms]
      [Free CSet: 0.3 ms]
   [Eden: 25.0M(25.0M)->0.0B(21.0M) Survivors: 0.0B->4096.0K Heap: 25.0M(512.0M)->3720.6K(512.0M)]
 [Times: user=0.03 sys=0.14, real=0.26 secs] 
2017-06-04T22:08:01.857-0900: 9334.656: [GC pause (G1 Evacuation Pause) (young), 0.2379133 secs]
   [Parallel Time: 163.1 ms, GC Workers: 4]
      [GC Worker Start (ms): Min: 9334711.4, Avg: 9334714.0, Max: 9334716.6, Diff: 5.1]
      [Ext Root Scanning (ms): Min: 52.0, Avg: 71.6, Max: 129.6, Diff: 77.6, Sum: 286.3]
      [Update RS (ms): Min: 0.0, Avg: 0.0, Max: 0.0, Diff: 0.0, Sum: 0.0]
         [Processed Buffers: Min: 0, Avg: 0.0, Max: 0, Diff: 0, Sum: 0]
      [Scan RS (ms): Min: 0.0, Avg: 0.0, Max: 0.0, Diff: 0.0, Sum: 0.1]
      [Code Root Scanning (ms): Min: 0.0, Avg: 21.0, Max: 84.1, Diff: 84.1, Sum: 84.2]
      [Object Copy (ms): Min: 17.9, Avg: 56.4, Max: 93.5, Diff: 75.6, Sum: 225.5]
      [Termination (ms): Min: 0.0, Avg: 8.8, Max: 11.7, Diff: 11.7, Sum: 35.1]
         [Termination Attempts: Min: 1, Avg: 1.5, Max: 2, Diff: 1, Sum: 6]
      [GC Worker Other (ms): Min: 0.6, Avg: 2.6, Max: 5.1, Diff: 4.5, Sum: 10.3]
      [GC Worker Total (ms): Min: 157.8, Avg: 160.4, Max: 162.9, Diff: 5.1, Sum: 641.4]
      [GC Worker End (ms): Min: 9334874.3, Avg: 9334874.3, Max: 9334874.4, Diff: 0.0]
   [Code Root Fixup: 0.3 ms]
   [Code Root Purge: 0.0 ms]
   [Clear CT: 0.1 ms]
   [Other: 74.5 ms]
      [Choose CSet: 0.0 ms]
      [Ref Proc: 0.2 ms]
      [Ref Enq: 3.6 ms]
      [Redirty Cards: 0.1 ms]
      [Humongous Register: 36.3 ms]
      [Humongous Reclaim: 0.0 ms]
      [Free CSet: 3.6 ms]
   [Eden: 21.0M(21.0M)->0.0B(23.0M) Survivors: 4096.0K->2048.0K Heap: 24.6M(512.0M)->4393.5K(512.0M)]
 [Times: user=0.05 sys=0.12, real=0.24 secs] 
